-- The C compiler identification is GNU 11.4.0
-- The CXX compiler identification is GNU 11.4.0
-- Detecting C compiler ABI info
-- Detecting C compiler ABI info - done
-- Check for working C compiler: /usr/bin/cc - skipped
-- Detecting C compile features
-- Detecting C compile features - done
-- Detecting CXX compiler ABI info
-- Detecting CXX compiler ABI info - done
-- Check for working CXX compiler: /usr/bin/c++ - skipped
-- Detecting CXX compile features
-- Detecting CXX compile features - done
-- Found ament_cmake: 1.3.14 (/opt/ros/humble/share/ament_cmake/cmake)
-- Found Python3: /usr/bin/python3 (found version "3.10.12") found components: Interpreter 
-- Found rclcpp: 16.0.19 (/opt/ros/humble/share/rclcpp/cmake)
-- Found rosidl_generator_c: 3.1.8 (/opt/ros/humble/share/rosidl_generator_c/cmake)
-- Found rosidl_adapter: 3.1.8 (/opt/ros/humble/share/rosidl_adapter/cmake)
-- Found rosidl_generator_cpp: 3.1.8 (/opt/ros/humble/share/rosidl_generator_cpp/cmake)
-- Using all available rosidl_typesupport_c: rosidl_typesupport_fastrtps_c;rosidl_typesupport_introspection_c
-- Using all available rosidl_typesupport_cpp: rosidl_typesupport_fastrtps_cpp;rosidl_typesupport_introspection_cpp
-- Found rmw_implementation_cmake: 6.1.2 (/opt/ros/humble/share/rmw_implementation_cmake/cmake)
-- Found rmw_fastrtps_cpp: 6.2.10 (/opt/ros/humble/share/rmw_fastrtps_cpp/cmake)
-- Found OpenSSL: /usr/lib/x86_64-linux-gnu/libcrypto.so (found version "3.0.2")  
-- Found FastRTPS: /opt/ros/humble/include  
-- Using RMW implementation 'rmw_fastrtps_cpp' as default
-- Looking for pthread.h
-- Looking for pthread.h - found
-- Performing Test CMAKE_HAVE_LIBC_PTHREAD
-- Performing Test CMAKE_HAVE_LIBC_PTHREAD - Success
-- Found Threads: TRUE  
-- Found sensor_msgs: 4.9.1 (/opt/ros/humble/share/sensor_msgs/cmake)
-- Configuring done
-- Generating done
-- Build files have been written to: /home/linuxuser/unitree_noitom_teleop/visualiser_ws/build/unitree_h1_ros2
-- Install configuration: ""
-- Installing: /home/linuxuser/unitree_noitom_teleop/visualiser_ws/install/unitree_h1_ros2/share/unitree_h1_ros2/launch
-- Installing: /home/linuxuser/unitree_noitom_teleop/visualiser_ws/install/unitree_h1_ros2/share/unitree_h1_ros2/launch/gazebo.launch.py
-- Installing: /home/linuxuser/unitree_noitom_teleop/visualiser_ws/install/unitree_h1_ros2/share/unitree_h1_ros2/launch/display.launch.py
-- Installing: /home/linuxuser/unitree_noitom_teleop/visualiser_ws/install/unitree_h1_ros2/share/unitree_h1_ros2/launch/rviz.rviz
-- Installing: /home/linuxuser/unitree_noitom_teleop/visualiser_ws/install/unitree_h1_ros2/share/unitree_h1_ros2/meshes
-- Installing: /home/linuxuser/unitree_noitom_teleop/visualiser_ws/install/unitree_h1_ros2/share/unitree_h1_ros2/meshes/left_shoulder_roll_link.dae
-- Installing: /home/linuxuser/unitree_noitom_teleop/visualiser_ws/install/unitree_h1_ros2/share/unitree_h1_ros2/meshes/right_hip_roll_link.STL
-- Installing: /home/linuxuser/unitree_noitom_teleop/visualiser_ws/install/unitree_h1_ros2/share/unitree_h1_ros2/meshes/Link12_L.dae
-- Installing: /home/linuxuser/unitree_noitom_teleop/visualiser_ws/install/unitree_h1_ros2/share/unitree_h1_ros2/meshes/L_hand_base_link.dae
-- Installing: /home/linuxuser/unitree_noitom_teleop/visualiser_ws/install/unitree_h1_ros2/share/unitree_h1_ros2/meshes/right_shoulder_pitch_link.STL
-- Installing: /home/linuxuser/unitree_noitom_teleop/visualiser_ws/install/unitree_h1_ros2/share/unitree_h1_ros2/meshes/Link18_L.STL
-- Installing: /home/linuxuser/unitree_noitom_teleop/visualiser_ws/install/unitree_h1_ros2/share/unitree_h1_ros2/meshes/Link16_R.dae
-- Installing: /home/linuxuser/unitree_noitom_teleop/visualiser_ws/install/unitree_h1_ros2/share/unitree_h1_ros2/meshes/left_shoulder_pitch_link.STL
-- Installing: /home/linuxuser/unitree_noitom_teleop/visualiser_ws/install/unitree_h1_ros2/share/unitree_h1_ros2/meshes/right_hip_yaw_link.dae
-- Installing: /home/linuxuser/unitree_noitom_teleop/visualiser_ws/install/unitree_h1_ros2/share/unitree_h1_ros2/meshes/Link21_L.dae
-- Installing: /home/linuxuser/unitree_noitom_teleop/visualiser_ws/install/unitree_h1_ros2/share/unitree_h1_ros2/meshes/left_hip_yaw_link.dae
-- Installing: /home/linuxuser/unitree_noitom_teleop/visualiser_ws/install/unitree_h1_ros2/share/unitree_h1_ros2/meshes/left_ankle_link.STL
-- Installing: /home/linuxuser/unitree_noitom_teleop/visualiser_ws/install/unitree_h1_ros2/share/unitree_h1_ros2/meshes/right_shoulder_roll_link.dae
-- Installing: /home/linuxuser/unitree_noitom_teleop/visualiser_ws/install/unitree_h1_ros2/share/unitree_h1_ros2/meshes/Link17_R.STL
-- Installing: /home/linuxuser/unitree_noitom_teleop/visualiser_ws/install/unitree_h1_ros2/share/unitree_h1_ros2/meshes/right_shoulder_pitch_link.dae
-- Installing: /home/linuxuser/unitree_noitom_teleop/visualiser_ws/install/unitree_h1_ros2/share/unitree_h1_ros2/meshes/Link17_L.dae
-- Installing: /home/linuxuser/unitree_noitom_teleop/visualiser_ws/install/unitree_h1_ros2/share/unitree_h1_ros2/meshes/Link17_R.dae
-- Installing: /home/linuxuser/unitree_noitom_teleop/visualiser_ws/install/unitree_h1_ros2/share/unitree_h1_ros2/meshes/Link19_L.dae
-- Installing: /home/linuxuser/unitree_noitom_teleop/visualiser_ws/install/unitree_h1_ros2/share/unitree_h1_ros2/meshes/Link19_L.STL
-- Installing: /home/linuxuser/unitree_noitom_teleop/visualiser_ws/install/unitree_h1_ros2/share/unitree_h1_ros2/meshes/Link21_R.STL
-- Installing: /home/linuxuser/unitree_noitom_teleop/visualiser_ws/install/unitree_h1_ros2/share/unitree_h1_ros2/meshes/left_ankle_link.dae
-- Installing: /home/linuxuser/unitree_noitom_teleop/visualiser_ws/install/unitree_h1_ros2/share/unitree_h1_ros2/meshes/Link14_L.dae
-- Installing: /home/linuxuser/unitree_noitom_teleop/visualiser_ws/install/unitree_h1_ros2/share/unitree_h1_ros2/meshes/right_elbow_link.STL
-- Installing: /home/linuxuser/unitree_noitom_teleop/visualiser_ws/install/unitree_h1_ros2/share/unitree_h1_ros2/meshes/right_knee_link.dae
-- Installing: /home/linuxuser/unitree_noitom_teleop/visualiser_ws/install/unitree_h1_ros2/share/unitree_h1_ros2/meshes/Link12_R.STL
-- Installing: /home/linuxuser/unitree_noitom_teleop/visualiser_ws/install/unitree_h1_ros2/share/unitree_h1_ros2/meshes/right_ankle_link.STL
-- Installing: /home/linuxuser/unitree_noitom_teleop/visualiser_ws/install/unitree_h1_ros2/share/unitree_h1_ros2/meshes/logo_link.STL
-- Installing: /home/linuxuser/unitree_noitom_teleop/visualiser_ws/install/unitree_h1_ros2/share/unitree_h1_ros2/meshes/Link18_L.dae
-- Installing: /home/linuxuser/unitree_noitom_teleop/visualiser_ws/install/unitree_h1_ros2/share/unitree_h1_ros2/meshes/Link16_L.dae
-- Installing: /home/linuxuser/unitree_noitom_teleop/visualiser_ws/install/unitree_h1_ros2/share/unitree_h1_ros2/meshes/right_hip_pitch_link.STL
-- Installing: /home/linuxuser/unitree_noitom_teleop/visualiser_ws/install/unitree_h1_ros2/share/unitree_h1_ros2/meshes/left_hip_pitch_link.STL
-- Installing: /home/linuxuser/unitree_noitom_teleop/visualiser_ws/install/unitree_h1_ros2/share/unitree_h1_ros2/meshes/Link16_R.STL
-- Installing: /home/linuxuser/unitree_noitom_teleop/visualiser_ws/install/unitree_h1_ros2/share/unitree_h1_ros2/meshes/Link19_R.dae
-- Installing: /home/linuxuser/unitree_noitom_teleop/visualiser_ws/install/unitree_h1_ros2/share/unitree_h1_ros2/meshes/torso_link.STL
-- Installing: /home/linuxuser/unitree_noitom_teleop/visualiser_ws/install/unitree_h1_ros2/share/unitree_h1_ros2/meshes/Link19_R.STL
-- Installing: /home/linuxuser/unitree_noitom_teleop/visualiser_ws/install/unitree_h1_ros2/share/unitree_h1_ros2/meshes/torso_link.dae
-- Installing: /home/linuxuser/unitree_noitom_teleop/visualiser_ws/install/unitree_h1_ros2/share/unitree_h1_ros2/meshes/Link11_L.STL
-- Installing: /home/linuxuser/unitree_noitom_teleop/visualiser_ws/install/unitree_h1_ros2/share/unitree_h1_ros2/meshes/Link17_L.STL
-- Installing: /home/linuxuser/unitree_noitom_teleop/visualiser_ws/install/unitree_h1_ros2/share/unitree_h1_ros2/meshes/pelvis.dae
-- Installing: /home/linuxuser/unitree_noitom_teleop/visualiser_ws/install/unitree_h1_ros2/share/unitree_h1_ros2/meshes/Link13_R.dae
-- Installing: /home/linuxuser/unitree_noitom_teleop/visualiser_ws/install/unitree_h1_ros2/share/unitree_h1_ros2/meshes/left_elbow_link.dae
-- Installing: /home/linuxuser/unitree_noitom_teleop/visualiser_ws/install/unitree_h1_ros2/share/unitree_h1_ros2/meshes/Link13_R.STL
-- Installing: /home/linuxuser/unitree_noitom_teleop/visualiser_ws/install/unitree_h1_ros2/share/unitree_h1_ros2/meshes/left_hip_roll_link.STL
-- Installing: /home/linuxuser/unitree_noitom_teleop/visualiser_ws/install/unitree_h1_ros2/share/unitree_h1_ros2/meshes/left_shoulder_roll_link.STL
-- Installing: /home/linuxuser/unitree_noitom_teleop/visualiser_ws/install/unitree_h1_ros2/share/unitree_h1_ros2/meshes/right_hip_pitch_link.dae
-- Installing: /home/linuxuser/unitree_noitom_teleop/visualiser_ws/install/unitree_h1_ros2/share/unitree_h1_ros2/meshes/Link14_R.dae
-- Installing: /home/linuxuser/unitree_noitom_teleop/visualiser_ws/install/unitree_h1_ros2/share/unitree_h1_ros2/meshes/Link12_L.STL
-- Installing: /home/linuxuser/unitree_noitom_teleop/visualiser_ws/install/unitree_h1_ros2/share/unitree_h1_ros2/meshes/Link15_R.STL
-- Installing: /home/linuxuser/unitree_noitom_teleop/visualiser_ws/install/unitree_h1_ros2/share/unitree_h1_ros2/meshes/right_shoulder_yaw_link.STL
-- Installing: /home/linuxuser/unitree_noitom_teleop/visualiser_ws/install/unitree_h1_ros2/share/unitree_h1_ros2/meshes/left_hand_link.STL
-- Installing: /home/linuxuser/unitree_noitom_teleop/visualiser_ws/install/unitree_h1_ros2/share/unitree_h1_ros2/meshes/Link22_L.dae
-- Installing: /home/linuxuser/unitree_noitom_teleop/visualiser_ws/install/unitree_h1_ros2/share/unitree_h1_ros2/meshes/Link16_L.STL
-- Installing: /home/linuxuser/unitree_noitom_teleop/visualiser_ws/install/unitree_h1_ros2/share/unitree_h1_ros2/meshes/Link15_R.dae
-- Installing: /home/linuxuser/unitree_noitom_teleop/visualiser_ws/install/unitree_h1_ros2/share/unitree_h1_ros2/meshes/logo_link.dae
-- Installing: /home/linuxuser/unitree_noitom_teleop/visualiser_ws/install/unitree_h1_ros2/share/unitree_h1_ros2/meshes/left_knee_link.STL
-- Installing: /home/linuxuser/unitree_noitom_teleop/visualiser_ws/install/unitree_h1_ros2/share/unitree_h1_ros2/meshes/right_hand_link.dae
-- Installing: /home/linuxuser/unitree_noitom_teleop/visualiser_ws/install/unitree_h1_ros2/share/unitree_h1_ros2/meshes/right_knee_link.STL
-- Installing: /home/linuxuser/unitree_noitom_teleop/visualiser_ws/install/unitree_h1_ros2/share/unitree_h1_ros2/meshes/Link13_L.STL
-- Installing: /home/linuxuser/unitree_noitom_teleop/visualiser_ws/install/unitree_h1_ros2/share/unitree_h1_ros2/meshes/Link12_R.dae
-- Installing: /home/linuxuser/unitree_noitom_teleop/visualiser_ws/install/unitree_h1_ros2/share/unitree_h1_ros2/meshes/Link15_L.dae
-- Installing: /home/linuxuser/unitree_noitom_teleop/visualiser_ws/install/unitree_h1_ros2/share/unitree_h1_ros2/meshes/right_shoulder_roll_link.STL
-- Installing: /home/linuxuser/unitree_noitom_teleop/visualiser_ws/install/unitree_h1_ros2/share/unitree_h1_ros2/meshes/right_shoulder_yaw_link.dae
-- Installing: /home/linuxuser/unitree_noitom_teleop/visualiser_ws/install/unitree_h1_ros2/share/unitree_h1_ros2/meshes/left_hip_roll_link.dae
-- Installing: /home/linuxuser/unitree_noitom_teleop/visualiser_ws/install/unitree_h1_ros2/share/unitree_h1_ros2/meshes/R_hand_base_link.dae
-- Installing: /home/linuxuser/unitree_noitom_teleop/visualiser_ws/install/unitree_h1_ros2/share/unitree_h1_ros2/meshes/Link22_L.STL
-- Installing: /home/linuxuser/unitree_noitom_teleop/visualiser_ws/install/unitree_h1_ros2/share/unitree_h1_ros2/meshes/left_shoulder_yaw_link.STL
-- Installing: /home/linuxuser/unitree_noitom_teleop/visualiser_ws/install/unitree_h1_ros2/share/unitree_h1_ros2/meshes/Link20_R.dae
-- Installing: /home/linuxuser/unitree_noitom_teleop/visualiser_ws/install/unitree_h1_ros2/share/unitree_h1_ros2/meshes/Link20_L.dae
-- Installing: /home/linuxuser/unitree_noitom_teleop/visualiser_ws/install/unitree_h1_ros2/share/unitree_h1_ros2/meshes/pelvis.STL
-- Installing: /home/linuxuser/unitree_noitom_teleop/visualiser_ws/install/unitree_h1_ros2/share/unitree_h1_ros2/meshes/left_hip_yaw_link.STL
-- Installing: /home/linuxuser/unitree_noitom_teleop/visualiser_ws/install/unitree_h1_ros2/share/unitree_h1_ros2/meshes/Link20_R.STL
-- Installing: /home/linuxuser/unitree_noitom_teleop/visualiser_ws/install/unitree_h1_ros2/share/unitree_h1_ros2/meshes/Link14_R.STL
-- Installing: /home/linuxuser/unitree_noitom_teleop/visualiser_ws/install/unitree_h1_ros2/share/unitree_h1_ros2/meshes/right_hand_link.STL
-- Installing: /home/linuxuser/unitree_noitom_teleop/visualiser_ws/install/unitree_h1_ros2/share/unitree_h1_ros2/meshes/left_knee_link.dae
-- Installing: /home/linuxuser/unitree_noitom_teleop/visualiser_ws/install/unitree_h1_ros2/share/unitree_h1_ros2/meshes/right_ankle_link.dae
-- Installing: /home/linuxuser/unitree_noitom_teleop/visualiser_ws/install/unitree_h1_ros2/share/unitree_h1_ros2/meshes/Link18_R.dae
-- Installing: /home/linuxuser/unitree_noitom_teleop/visualiser_ws/install/unitree_h1_ros2/share/unitree_h1_ros2/meshes/Link21_R.dae
-- Installing: /home/linuxuser/unitree_noitom_teleop/visualiser_ws/install/unitree_h1_ros2/share/unitree_h1_ros2/meshes/Link13_L.dae
-- Installing: /home/linuxuser/unitree_noitom_teleop/visualiser_ws/install/unitree_h1_ros2/share/unitree_h1_ros2/meshes/Link22_R.dae
-- Installing: /home/linuxuser/unitree_noitom_teleop/visualiser_ws/install/unitree_h1_ros2/share/unitree_h1_ros2/meshes/Link18_R.STL
-- Installing: /home/linuxuser/unitree_noitom_teleop/visualiser_ws/install/unitree_h1_ros2/share/unitree_h1_ros2/meshes/Link15_L.STL
-- Installing: /home/linuxuser/unitree_noitom_teleop/visualiser_ws/install/unitree_h1_ros2/share/unitree_h1_ros2/meshes/Link11_R.dae
-- Installing: /home/linuxuser/unitree_noitom_teleop/visualiser_ws/install/unitree_h1_ros2/share/unitree_h1_ros2/meshes/right_elbow_link.dae
-- Installing: /home/linuxuser/unitree_noitom_teleop/visualiser_ws/install/unitree_h1_ros2/share/unitree_h1_ros2/meshes/Link20_L.STL
-- Installing: /home/linuxuser/unitree_noitom_teleop/visualiser_ws/install/unitree_h1_ros2/share/unitree_h1_ros2/meshes/left_elbow_link.STL
-- Installing: /home/linuxuser/unitree_noitom_teleop/visualiser_ws/install/unitree_h1_ros2/share/unitree_h1_ros2/meshes/Link11_L.dae
-- Installing: /home/linuxuser/unitree_noitom_teleop/visualiser_ws/install/unitree_h1_ros2/share/unitree_h1_ros2/meshes/L_hand_base_link.STL
-- Installing: /home/linuxuser/unitree_noitom_teleop/visualiser_ws/install/unitree_h1_ros2/share/unitree_h1_ros2/meshes/left_hand_link.dae
-- Installing: /home/linuxuser/unitree_noitom_teleop/visualiser_ws/install/unitree_h1_ros2/share/unitree_h1_ros2/meshes/left_shoulder_yaw_link.dae
-- Installing: /home/linuxuser/unitree_noitom_teleop/visualiser_ws/install/unitree_h1_ros2/share/unitree_h1_ros2/meshes/right_hip_yaw_link.STL
-- Installing: /home/linuxuser/unitree_noitom_teleop/visualiser_ws/install/unitree_h1_ros2/share/unitree_h1_ros2/meshes/left_hip_pitch_link.dae
-- Installing: /home/linuxuser/unitree_noitom_teleop/visualiser_ws/install/unitree_h1_ros2/share/unitree_h1_ros2/meshes/left_shoulder_pitch_link.dae
-- Installing: /home/linuxuser/unitree_noitom_teleop/visualiser_ws/install/unitree_h1_ros2/share/unitree_h1_ros2/meshes/Link14_L.STL
-- Installing: /home/linuxuser/unitree_noitom_teleop/visualiser_ws/install/unitree_h1_ros2/share/unitree_h1_ros2/meshes/right_hip_roll_link.dae
-- Installing: /home/linuxuser/unitree_noitom_teleop/visualiser_ws/install/unitree_h1_ros2/share/unitree_h1_ros2/meshes/Link22_R.STL
-- Installing: /home/linuxuser/unitree_noitom_teleop/visualiser_ws/install/unitree_h1_ros2/share/unitree_h1_ros2/meshes/Link11_R.STL
-- Installing: /home/linuxuser/unitree_noitom_teleop/visualiser_ws/install/unitree_h1_ros2/share/unitree_h1_ros2/meshes/Link21_L.STL
-- Installing: /home/linuxuser/unitree_noitom_teleop/visualiser_ws/install/unitree_h1_ros2/share/unitree_h1_ros2/meshes/R_hand_base_link.STL
-- Installing: /home/linuxuser/unitree_noitom_teleop/visualiser_ws/install/unitree_h1_ros2/share/unitree_h1_ros2/urdf
-- Installing: /home/linuxuser/unitree_noitom_teleop/visualiser_ws/install/unitree_h1_ros2/share/unitree_h1_ros2/urdf/h1.urdf
-- Installing: /home/linuxuser/unitree_noitom_teleop/visualiser_ws/install/unitree_h1_ros2/share/unitree_h1_ros2/urdf/h1_with_hand.urdf
-- Installing: /home/linuxuser/unitree_noitom_teleop/visualiser_ws/install/unitree_h1_ros2/share/unitree_h1_ros2/README.md
-- Installing: /home/linuxuser/unitree_noitom_teleop/visualiser_ws/install/unitree_h1_ros2/share/unitree_h1_ros2/LICENSE
-- Installing: /home/linuxuser/unitree_noitom_teleop/visualiser_ws/install/unitree_h1_ros2/share/ament_index/resource_index/package_run_dependencies/unitree_h1_ros2
-- Installing: /home/linuxuser/unitree_noitom_teleop/visualiser_ws/install/unitree_h1_ros2/share/ament_index/resource_index/parent_prefix_path/unitree_h1_ros2
-- Installing: /home/linuxuser/unitree_noitom_teleop/visualiser_ws/install/unitree_h1_ros2/share/unitree_h1_ros2/environment/ament_prefix_path.sh
-- Installing: /home/linuxuser/unitree_noitom_teleop/visualiser_ws/install/unitree_h1_ros2/share/unitree_h1_ros2/environment/ament_prefix_path.dsv
-- Installing: /home/linuxuser/unitree_noitom_teleop/visualiser_ws/install/unitree_h1_ros2/share/unitree_h1_ros2/environment/path.sh
-- Installing: /home/linuxuser/unitree_noitom_teleop/visualiser_ws/install/unitree_h1_ros2/share/unitree_h1_ros2/environment/path.dsv
-- Installing: /home/linuxuser/unitree_noitom_teleop/visualiser_ws/install/unitree_h1_ros2/share/unitree_h1_ros2/local_setup.bash
-- Installing: /home/linuxuser/unitree_noitom_teleop/visualiser_ws/install/unitree_h1_ros2/share/unitree_h1_ros2/local_setup.sh
-- Installing: /home/linuxuser/unitree_noitom_teleop/visualiser_ws/install/unitree_h1_ros2/share/unitree_h1_ros2/local_setup.zsh
-- Installing: /home/linuxuser/unitree_noitom_teleop/visualiser_ws/install/unitree_h1_ros2/share/unitree_h1_ros2/local_setup.dsv
-- Installing: /home/linuxuser/unitree_noitom_teleop/visualiser_ws/install/unitree_h1_ros2/share/unitree_h1_ros2/package.dsv
-- Installing: /home/linuxuser/unitree_noitom_teleop/visualiser_ws/install/unitree_h1_ros2/share/ament_index/resource_index/packages/unitree_h1_ros2
-- Installing: /home/linuxuser/unitree_noitom_teleop/visualiser_ws/install/unitree_h1_ros2/share/unitree_h1_ros2/cmake/unitree_h1_ros2Config.cmake
-- Installing: /home/linuxuser/unitree_noitom_teleop/visualiser_ws/install/unitree_h1_ros2/share/unitree_h1_ros2/cmake/unitree_h1_ros2Config-version.cmake
-- Installing: /home/linuxuser/unitree_noitom_teleop/visualiser_ws/install/unitree_h1_ros2/share/unitree_h1_ros2/package.xml
