-- Install configuration: ""
-- Up-to-date: /home/linuxuser/unitree_noitom_teleop/visualiser_ws/install/unitree_h1_ros2/share/unitree_h1_ros2/launch
-- Up-to-date: /home/linuxuser/unitree_noitom_teleop/visualiser_ws/install/unitree_h1_ros2/share/unitree_h1_ros2/launch/gazebo.launch.py
-- Up-to-date: /home/linuxuser/unitree_noitom_teleop/visualiser_ws/install/unitree_h1_ros2/share/unitree_h1_ros2/launch/display.launch.py
-- Up-to-date: /home/linuxuser/unitree_noitom_teleop/visualiser_ws/install/unitree_h1_ros2/share/unitree_h1_ros2/launch/rviz.rviz
-- Up-to-date: /home/linuxuser/unitree_noitom_teleop/visualiser_ws/install/unitree_h1_ros2/share/unitree_h1_ros2/meshes
-- Up-to-date: /home/linuxuser/unitree_noitom_teleop/visualiser_ws/install/unitree_h1_ros2/share/unitree_h1_ros2/meshes/left_shoulder_roll_link.dae
-- Up-to-date: /home/linuxuser/unitree_noitom_teleop/visualiser_ws/install/unitree_h1_ros2/share/unitree_h1_ros2/meshes/right_hip_roll_link.STL
-- Up-to-date: /home/linuxuser/unitree_noitom_teleop/visualiser_ws/install/unitree_h1_ros2/share/unitree_h1_ros2/meshes/Link12_L.dae
-- Up-to-date: /home/linuxuser/unitree_noitom_teleop/visualiser_ws/install/unitree_h1_ros2/share/unitree_h1_ros2/meshes/L_hand_base_link.dae
-- Up-to-date: /home/linuxuser/unitree_noitom_teleop/visualiser_ws/install/unitree_h1_ros2/share/unitree_h1_ros2/meshes/right_shoulder_pitch_link.STL
-- Up-to-date: /home/linuxuser/unitree_noitom_teleop/visualiser_ws/install/unitree_h1_ros2/share/unitree_h1_ros2/meshes/Link18_L.STL
-- Up-to-date: /home/linuxuser/unitree_noitom_teleop/visualiser_ws/install/unitree_h1_ros2/share/unitree_h1_ros2/meshes/Link16_R.dae
-- Up-to-date: /home/linuxuser/unitree_noitom_teleop/visualiser_ws/install/unitree_h1_ros2/share/unitree_h1_ros2/meshes/left_shoulder_pitch_link.STL
-- Up-to-date: /home/linuxuser/unitree_noitom_teleop/visualiser_ws/install/unitree_h1_ros2/share/unitree_h1_ros2/meshes/right_hip_yaw_link.dae
-- Up-to-date: /home/linuxuser/unitree_noitom_teleop/visualiser_ws/install/unitree_h1_ros2/share/unitree_h1_ros2/meshes/Link21_L.dae
-- Up-to-date: /home/linuxuser/unitree_noitom_teleop/visualiser_ws/install/unitree_h1_ros2/share/unitree_h1_ros2/meshes/left_hip_yaw_link.dae
-- Up-to-date: /home/linuxuser/unitree_noitom_teleop/visualiser_ws/install/unitree_h1_ros2/share/unitree_h1_ros2/meshes/left_ankle_link.STL
-- Up-to-date: /home/linuxuser/unitree_noitom_teleop/visualiser_ws/install/unitree_h1_ros2/share/unitree_h1_ros2/meshes/right_shoulder_roll_link.dae
-- Up-to-date: /home/linuxuser/unitree_noitom_teleop/visualiser_ws/install/unitree_h1_ros2/share/unitree_h1_ros2/meshes/Link17_R.STL
-- Up-to-date: /home/linuxuser/unitree_noitom_teleop/visualiser_ws/install/unitree_h1_ros2/share/unitree_h1_ros2/meshes/right_shoulder_pitch_link.dae
-- Up-to-date: /home/linuxuser/unitree_noitom_teleop/visualiser_ws/install/unitree_h1_ros2/share/unitree_h1_ros2/meshes/Link17_L.dae
-- Up-to-date: /home/linuxuser/unitree_noitom_teleop/visualiser_ws/install/unitree_h1_ros2/share/unitree_h1_ros2/meshes/Link17_R.dae
-- Up-to-date: /home/linuxuser/unitree_noitom_teleop/visualiser_ws/install/unitree_h1_ros2/share/unitree_h1_ros2/meshes/Link19_L.dae
-- Up-to-date: /home/linuxuser/unitree_noitom_teleop/visualiser_ws/install/unitree_h1_ros2/share/unitree_h1_ros2/meshes/Link19_L.STL
-- Up-to-date: /home/linuxuser/unitree_noitom_teleop/visualiser_ws/install/unitree_h1_ros2/share/unitree_h1_ros2/meshes/Link21_R.STL
-- Up-to-date: /home/linuxuser/unitree_noitom_teleop/visualiser_ws/install/unitree_h1_ros2/share/unitree_h1_ros2/meshes/left_ankle_link.dae
-- Up-to-date: /home/linuxuser/unitree_noitom_teleop/visualiser_ws/install/unitree_h1_ros2/share/unitree_h1_ros2/meshes/Link14_L.dae
-- Up-to-date: /home/linuxuser/unitree_noitom_teleop/visualiser_ws/install/unitree_h1_ros2/share/unitree_h1_ros2/meshes/right_elbow_link.STL
-- Up-to-date: /home/linuxuser/unitree_noitom_teleop/visualiser_ws/install/unitree_h1_ros2/share/unitree_h1_ros2/meshes/right_knee_link.dae
-- Up-to-date: /home/linuxuser/unitree_noitom_teleop/visualiser_ws/install/unitree_h1_ros2/share/unitree_h1_ros2/meshes/Link12_R.STL
-- Up-to-date: /home/linuxuser/unitree_noitom_teleop/visualiser_ws/install/unitree_h1_ros2/share/unitree_h1_ros2/meshes/right_ankle_link.STL
-- Up-to-date: /home/linuxuser/unitree_noitom_teleop/visualiser_ws/install/unitree_h1_ros2/share/unitree_h1_ros2/meshes/logo_link.STL
-- Up-to-date: /home/linuxuser/unitree_noitom_teleop/visualiser_ws/install/unitree_h1_ros2/share/unitree_h1_ros2/meshes/Link18_L.dae
-- Up-to-date: /home/linuxuser/unitree_noitom_teleop/visualiser_ws/install/unitree_h1_ros2/share/unitree_h1_ros2/meshes/Link16_L.dae
-- Up-to-date: /home/linuxuser/unitree_noitom_teleop/visualiser_ws/install/unitree_h1_ros2/share/unitree_h1_ros2/meshes/right_hip_pitch_link.STL
-- Up-to-date: /home/linuxuser/unitree_noitom_teleop/visualiser_ws/install/unitree_h1_ros2/share/unitree_h1_ros2/meshes/left_hip_pitch_link.STL
-- Up-to-date: /home/linuxuser/unitree_noitom_teleop/visualiser_ws/install/unitree_h1_ros2/share/unitree_h1_ros2/meshes/Link16_R.STL
-- Up-to-date: /home/linuxuser/unitree_noitom_teleop/visualiser_ws/install/unitree_h1_ros2/share/unitree_h1_ros2/meshes/Link19_R.dae
-- Up-to-date: /home/linuxuser/unitree_noitom_teleop/visualiser_ws/install/unitree_h1_ros2/share/unitree_h1_ros2/meshes/torso_link.STL
-- Up-to-date: /home/linuxuser/unitree_noitom_teleop/visualiser_ws/install/unitree_h1_ros2/share/unitree_h1_ros2/meshes/Link19_R.STL
-- Up-to-date: /home/linuxuser/unitree_noitom_teleop/visualiser_ws/install/unitree_h1_ros2/share/unitree_h1_ros2/meshes/torso_link.dae
-- Up-to-date: /home/linuxuser/unitree_noitom_teleop/visualiser_ws/install/unitree_h1_ros2/share/unitree_h1_ros2/meshes/Link11_L.STL
-- Up-to-date: /home/linuxuser/unitree_noitom_teleop/visualiser_ws/install/unitree_h1_ros2/share/unitree_h1_ros2/meshes/Link17_L.STL
-- Up-to-date: /home/linuxuser/unitree_noitom_teleop/visualiser_ws/install/unitree_h1_ros2/share/unitree_h1_ros2/meshes/pelvis.dae
-- Up-to-date: /home/linuxuser/unitree_noitom_teleop/visualiser_ws/install/unitree_h1_ros2/share/unitree_h1_ros2/meshes/Link13_R.dae
-- Up-to-date: /home/linuxuser/unitree_noitom_teleop/visualiser_ws/install/unitree_h1_ros2/share/unitree_h1_ros2/meshes/left_elbow_link.dae
-- Up-to-date: /home/linuxuser/unitree_noitom_teleop/visualiser_ws/install/unitree_h1_ros2/share/unitree_h1_ros2/meshes/Link13_R.STL
-- Up-to-date: /home/linuxuser/unitree_noitom_teleop/visualiser_ws/install/unitree_h1_ros2/share/unitree_h1_ros2/meshes/left_hip_roll_link.STL
-- Up-to-date: /home/linuxuser/unitree_noitom_teleop/visualiser_ws/install/unitree_h1_ros2/share/unitree_h1_ros2/meshes/left_shoulder_roll_link.STL
-- Up-to-date: /home/linuxuser/unitree_noitom_teleop/visualiser_ws/install/unitree_h1_ros2/share/unitree_h1_ros2/meshes/right_hip_pitch_link.dae
-- Up-to-date: /home/linuxuser/unitree_noitom_teleop/visualiser_ws/install/unitree_h1_ros2/share/unitree_h1_ros2/meshes/Link14_R.dae
-- Up-to-date: /home/linuxuser/unitree_noitom_teleop/visualiser_ws/install/unitree_h1_ros2/share/unitree_h1_ros2/meshes/Link12_L.STL
-- Up-to-date: /home/linuxuser/unitree_noitom_teleop/visualiser_ws/install/unitree_h1_ros2/share/unitree_h1_ros2/meshes/Link15_R.STL
-- Up-to-date: /home/linuxuser/unitree_noitom_teleop/visualiser_ws/install/unitree_h1_ros2/share/unitree_h1_ros2/meshes/right_shoulder_yaw_link.STL
-- Up-to-date: /home/linuxuser/unitree_noitom_teleop/visualiser_ws/install/unitree_h1_ros2/share/unitree_h1_ros2/meshes/left_hand_link.STL
-- Up-to-date: /home/linuxuser/unitree_noitom_teleop/visualiser_ws/install/unitree_h1_ros2/share/unitree_h1_ros2/meshes/Link22_L.dae
-- Up-to-date: /home/linuxuser/unitree_noitom_teleop/visualiser_ws/install/unitree_h1_ros2/share/unitree_h1_ros2/meshes/Link16_L.STL
-- Up-to-date: /home/linuxuser/unitree_noitom_teleop/visualiser_ws/install/unitree_h1_ros2/share/unitree_h1_ros2/meshes/Link15_R.dae
-- Up-to-date: /home/linuxuser/unitree_noitom_teleop/visualiser_ws/install/unitree_h1_ros2/share/unitree_h1_ros2/meshes/logo_link.dae
-- Up-to-date: /home/linuxuser/unitree_noitom_teleop/visualiser_ws/install/unitree_h1_ros2/share/unitree_h1_ros2/meshes/left_knee_link.STL
-- Up-to-date: /home/linuxuser/unitree_noitom_teleop/visualiser_ws/install/unitree_h1_ros2/share/unitree_h1_ros2/meshes/right_hand_link.dae
-- Up-to-date: /home/linuxuser/unitree_noitom_teleop/visualiser_ws/install/unitree_h1_ros2/share/unitree_h1_ros2/meshes/right_knee_link.STL
-- Up-to-date: /home/linuxuser/unitree_noitom_teleop/visualiser_ws/install/unitree_h1_ros2/share/unitree_h1_ros2/meshes/Link13_L.STL
-- Up-to-date: /home/linuxuser/unitree_noitom_teleop/visualiser_ws/install/unitree_h1_ros2/share/unitree_h1_ros2/meshes/Link12_R.dae
-- Up-to-date: /home/linuxuser/unitree_noitom_teleop/visualiser_ws/install/unitree_h1_ros2/share/unitree_h1_ros2/meshes/Link15_L.dae
-- Up-to-date: /home/linuxuser/unitree_noitom_teleop/visualiser_ws/install/unitree_h1_ros2/share/unitree_h1_ros2/meshes/right_shoulder_roll_link.STL
-- Up-to-date: /home/linuxuser/unitree_noitom_teleop/visualiser_ws/install/unitree_h1_ros2/share/unitree_h1_ros2/meshes/right_shoulder_yaw_link.dae
-- Up-to-date: /home/linuxuser/unitree_noitom_teleop/visualiser_ws/install/unitree_h1_ros2/share/unitree_h1_ros2/meshes/left_hip_roll_link.dae
-- Up-to-date: /home/linuxuser/unitree_noitom_teleop/visualiser_ws/install/unitree_h1_ros2/share/unitree_h1_ros2/meshes/R_hand_base_link.dae
-- Up-to-date: /home/linuxuser/unitree_noitom_teleop/visualiser_ws/install/unitree_h1_ros2/share/unitree_h1_ros2/meshes/Link22_L.STL
-- Up-to-date: /home/linuxuser/unitree_noitom_teleop/visualiser_ws/install/unitree_h1_ros2/share/unitree_h1_ros2/meshes/left_shoulder_yaw_link.STL
-- Up-to-date: /home/linuxuser/unitree_noitom_teleop/visualiser_ws/install/unitree_h1_ros2/share/unitree_h1_ros2/meshes/Link20_R.dae
-- Up-to-date: /home/linuxuser/unitree_noitom_teleop/visualiser_ws/install/unitree_h1_ros2/share/unitree_h1_ros2/meshes/Link20_L.dae
-- Up-to-date: /home/linuxuser/unitree_noitom_teleop/visualiser_ws/install/unitree_h1_ros2/share/unitree_h1_ros2/meshes/pelvis.STL
-- Up-to-date: /home/linuxuser/unitree_noitom_teleop/visualiser_ws/install/unitree_h1_ros2/share/unitree_h1_ros2/meshes/left_hip_yaw_link.STL
-- Up-to-date: /home/linuxuser/unitree_noitom_teleop/visualiser_ws/install/unitree_h1_ros2/share/unitree_h1_ros2/meshes/Link20_R.STL
-- Up-to-date: /home/linuxuser/unitree_noitom_teleop/visualiser_ws/install/unitree_h1_ros2/share/unitree_h1_ros2/meshes/Link14_R.STL
-- Up-to-date: /home/linuxuser/unitree_noitom_teleop/visualiser_ws/install/unitree_h1_ros2/share/unitree_h1_ros2/meshes/right_hand_link.STL
-- Up-to-date: /home/linuxuser/unitree_noitom_teleop/visualiser_ws/install/unitree_h1_ros2/share/unitree_h1_ros2/meshes/left_knee_link.dae
-- Up-to-date: /home/linuxuser/unitree_noitom_teleop/visualiser_ws/install/unitree_h1_ros2/share/unitree_h1_ros2/meshes/right_ankle_link.dae
-- Up-to-date: /home/linuxuser/unitree_noitom_teleop/visualiser_ws/install/unitree_h1_ros2/share/unitree_h1_ros2/meshes/Link18_R.dae
-- Up-to-date: /home/linuxuser/unitree_noitom_teleop/visualiser_ws/install/unitree_h1_ros2/share/unitree_h1_ros2/meshes/Link21_R.dae
-- Up-to-date: /home/linuxuser/unitree_noitom_teleop/visualiser_ws/install/unitree_h1_ros2/share/unitree_h1_ros2/meshes/Link13_L.dae
-- Up-to-date: /home/linuxuser/unitree_noitom_teleop/visualiser_ws/install/unitree_h1_ros2/share/unitree_h1_ros2/meshes/Link22_R.dae
-- Up-to-date: /home/linuxuser/unitree_noitom_teleop/visualiser_ws/install/unitree_h1_ros2/share/unitree_h1_ros2/meshes/Link18_R.STL
-- Up-to-date: /home/linuxuser/unitree_noitom_teleop/visualiser_ws/install/unitree_h1_ros2/share/unitree_h1_ros2/meshes/Link15_L.STL
-- Up-to-date: /home/linuxuser/unitree_noitom_teleop/visualiser_ws/install/unitree_h1_ros2/share/unitree_h1_ros2/meshes/Link11_R.dae
-- Up-to-date: /home/linuxuser/unitree_noitom_teleop/visualiser_ws/install/unitree_h1_ros2/share/unitree_h1_ros2/meshes/right_elbow_link.dae
-- Up-to-date: /home/linuxuser/unitree_noitom_teleop/visualiser_ws/install/unitree_h1_ros2/share/unitree_h1_ros2/meshes/Link20_L.STL
-- Up-to-date: /home/linuxuser/unitree_noitom_teleop/visualiser_ws/install/unitree_h1_ros2/share/unitree_h1_ros2/meshes/left_elbow_link.STL
-- Up-to-date: /home/linuxuser/unitree_noitom_teleop/visualiser_ws/install/unitree_h1_ros2/share/unitree_h1_ros2/meshes/Link11_L.dae
-- Up-to-date: /home/linuxuser/unitree_noitom_teleop/visualiser_ws/install/unitree_h1_ros2/share/unitree_h1_ros2/meshes/L_hand_base_link.STL
-- Up-to-date: /home/linuxuser/unitree_noitom_teleop/visualiser_ws/install/unitree_h1_ros2/share/unitree_h1_ros2/meshes/left_hand_link.dae
-- Up-to-date: /home/linuxuser/unitree_noitom_teleop/visualiser_ws/install/unitree_h1_ros2/share/unitree_h1_ros2/meshes/left_shoulder_yaw_link.dae
-- Up-to-date: /home/linuxuser/unitree_noitom_teleop/visualiser_ws/install/unitree_h1_ros2/share/unitree_h1_ros2/meshes/right_hip_yaw_link.STL
-- Up-to-date: /home/linuxuser/unitree_noitom_teleop/visualiser_ws/install/unitree_h1_ros2/share/unitree_h1_ros2/meshes/left_hip_pitch_link.dae
-- Up-to-date: /home/linuxuser/unitree_noitom_teleop/visualiser_ws/install/unitree_h1_ros2/share/unitree_h1_ros2/meshes/left_shoulder_pitch_link.dae
-- Up-to-date: /home/linuxuser/unitree_noitom_teleop/visualiser_ws/install/unitree_h1_ros2/share/unitree_h1_ros2/meshes/Link14_L.STL
-- Up-to-date: /home/linuxuser/unitree_noitom_teleop/visualiser_ws/install/unitree_h1_ros2/share/unitree_h1_ros2/meshes/right_hip_roll_link.dae
-- Up-to-date: /home/linuxuser/unitree_noitom_teleop/visualiser_ws/install/unitree_h1_ros2/share/unitree_h1_ros2/meshes/Link22_R.STL
-- Up-to-date: /home/linuxuser/unitree_noitom_teleop/visualiser_ws/install/unitree_h1_ros2/share/unitree_h1_ros2/meshes/Link11_R.STL
-- Up-to-date: /home/linuxuser/unitree_noitom_teleop/visualiser_ws/install/unitree_h1_ros2/share/unitree_h1_ros2/meshes/Link21_L.STL
-- Up-to-date: /home/linuxuser/unitree_noitom_teleop/visualiser_ws/install/unitree_h1_ros2/share/unitree_h1_ros2/meshes/R_hand_base_link.STL
-- Up-to-date: /home/linuxuser/unitree_noitom_teleop/visualiser_ws/install/unitree_h1_ros2/share/unitree_h1_ros2/urdf
-- Up-to-date: /home/linuxuser/unitree_noitom_teleop/visualiser_ws/install/unitree_h1_ros2/share/unitree_h1_ros2/urdf/h1.urdf
-- Up-to-date: /home/linuxuser/unitree_noitom_teleop/visualiser_ws/install/unitree_h1_ros2/share/unitree_h1_ros2/urdf/h1_with_hand.urdf
-- Up-to-date: /home/linuxuser/unitree_noitom_teleop/visualiser_ws/install/unitree_h1_ros2/share/unitree_h1_ros2/README.md
-- Up-to-date: /home/linuxuser/unitree_noitom_teleop/visualiser_ws/install/unitree_h1_ros2/share/unitree_h1_ros2/LICENSE
-- Up-to-date: /home/linuxuser/unitree_noitom_teleop/visualiser_ws/install/unitree_h1_ros2/share/ament_index/resource_index/package_run_dependencies/unitree_h1_ros2
-- Up-to-date: /home/linuxuser/unitree_noitom_teleop/visualiser_ws/install/unitree_h1_ros2/share/ament_index/resource_index/parent_prefix_path/unitree_h1_ros2
-- Up-to-date: /home/linuxuser/unitree_noitom_teleop/visualiser_ws/install/unitree_h1_ros2/share/unitree_h1_ros2/environment/ament_prefix_path.sh
-- Up-to-date: /home/linuxuser/unitree_noitom_teleop/visualiser_ws/install/unitree_h1_ros2/share/unitree_h1_ros2/environment/ament_prefix_path.dsv
-- Up-to-date: /home/linuxuser/unitree_noitom_teleop/visualiser_ws/install/unitree_h1_ros2/share/unitree_h1_ros2/environment/path.sh
-- Up-to-date: /home/linuxuser/unitree_noitom_teleop/visualiser_ws/install/unitree_h1_ros2/share/unitree_h1_ros2/environment/path.dsv
-- Up-to-date: /home/linuxuser/unitree_noitom_teleop/visualiser_ws/install/unitree_h1_ros2/share/unitree_h1_ros2/local_setup.bash
-- Up-to-date: /home/linuxuser/unitree_noitom_teleop/visualiser_ws/install/unitree_h1_ros2/share/unitree_h1_ros2/local_setup.sh
-- Up-to-date: /home/linuxuser/unitree_noitom_teleop/visualiser_ws/install/unitree_h1_ros2/share/unitree_h1_ros2/local_setup.zsh
-- Up-to-date: /home/linuxuser/unitree_noitom_teleop/visualiser_ws/install/unitree_h1_ros2/share/unitree_h1_ros2/local_setup.dsv
-- Up-to-date: /home/linuxuser/unitree_noitom_teleop/visualiser_ws/install/unitree_h1_ros2/share/unitree_h1_ros2/package.dsv
-- Up-to-date: /home/linuxuser/unitree_noitom_teleop/visualiser_ws/install/unitree_h1_ros2/share/ament_index/resource_index/packages/unitree_h1_ros2
-- Up-to-date: /home/linuxuser/unitree_noitom_teleop/visualiser_ws/install/unitree_h1_ros2/share/unitree_h1_ros2/cmake/unitree_h1_ros2Config.cmake
-- Up-to-date: /home/linuxuser/unitree_noitom_teleop/visualiser_ws/install/unitree_h1_ros2/share/unitree_h1_ros2/cmake/unitree_h1_ros2Config-version.cmake
-- Up-to-date: /home/linuxuser/unitree_noitom_teleop/visualiser_ws/install/unitree_h1_ros2/share/unitree_h1_ros2/package.xml
