[0.012s] Invoking command in '/home/linuxuser/unitree_noitom_teleop/visualiser_ws/build/unitree_h1_ros2': CMAKE_PREFIX_PATH=${CMAKE_PREFIX_PATH}:/opt/ros/humble /usr/bin/cmake --build /home/linuxuser/unitree_noitom_teleop/visualiser_ws/build/unitree_h1_ros2 -- -j16 -l16
[0.070s] Invoked command in '/home/linuxuser/unitree_noitom_teleop/visualiser_ws/build/unitree_h1_ros2' returned '0': CMAKE_PREFIX_PATH=${CMAKE_PREFIX_PATH}:/opt/ros/humble /usr/bin/cmake --build /home/linuxuser/unitree_noitom_teleop/visualiser_ws/build/unitree_h1_ros2 -- -j16 -l16
[0.072s] Invoking command in '/home/linuxuser/unitree_noitom_teleop/visualiser_ws/build/unitree_h1_ros2': CMAKE_PREFIX_PATH=${CMAKE_PREFIX_PATH}:/opt/ros/humble /usr/bin/cmake --install /home/linuxuser/unitree_noitom_teleop/visualiser_ws/build/unitree_h1_ros2
[0.086s] -- Install configuration: ""
[0.086s] -- Up-to-date: /home/linuxuser/unitree_noitom_teleop/visualiser_ws/install/unitree_h1_ros2/share/unitree_h1_ros2/launch
[0.086s] -- Up-to-date: /home/linuxuser/unitree_noitom_teleop/visualiser_ws/install/unitree_h1_ros2/share/unitree_h1_ros2/launch/gazebo.launch.py
[0.086s] -- Up-to-date: /home/linuxuser/unitree_noitom_teleop/visualiser_ws/install/unitree_h1_ros2/share/unitree_h1_ros2/launch/display.launch.py
[0.086s] -- Up-to-date: /home/linuxuser/unitree_noitom_teleop/visualiser_ws/install/unitree_h1_ros2/share/unitree_h1_ros2/launch/rviz.rviz
[0.086s] -- Up-to-date: /home/linuxuser/unitree_noitom_teleop/visualiser_ws/install/unitree_h1_ros2/share/unitree_h1_ros2/meshes
[0.087s] -- Up-to-date: /home/linuxuser/unitree_noitom_teleop/visualiser_ws/install/unitree_h1_ros2/share/unitree_h1_ros2/meshes/left_shoulder_roll_link.dae
[0.087s] -- Up-to-date: /home/linuxuser/unitree_noitom_teleop/visualiser_ws/install/unitree_h1_ros2/share/unitree_h1_ros2/meshes/right_hip_roll_link.STL
[0.087s] -- Up-to-date: /home/linuxuser/unitree_noitom_teleop/visualiser_ws/install/unitree_h1_ros2/share/unitree_h1_ros2/meshes/Link12_L.dae
[0.087s] -- Up-to-date: /home/linuxuser/unitree_noitom_teleop/visualiser_ws/install/unitree_h1_ros2/share/unitree_h1_ros2/meshes/L_hand_base_link.dae
[0.087s] -- Up-to-date: /home/linuxuser/unitree_noitom_teleop/visualiser_ws/install/unitree_h1_ros2/share/unitree_h1_ros2/meshes/right_shoulder_pitch_link.STL
[0.087s] -- Up-to-date: /home/linuxuser/unitree_noitom_teleop/visualiser_ws/install/unitree_h1_ros2/share/unitree_h1_ros2/meshes/Link18_L.STL
[0.087s] -- Up-to-date: /home/linuxuser/unitree_noitom_teleop/visualiser_ws/install/unitree_h1_ros2/share/unitree_h1_ros2/meshes/Link16_R.dae
[0.087s] -- Up-to-date: /home/linuxuser/unitree_noitom_teleop/visualiser_ws/install/unitree_h1_ros2/share/unitree_h1_ros2/meshes/left_shoulder_pitch_link.STL
[0.087s] -- Up-to-date: /home/linuxuser/unitree_noitom_teleop/visualiser_ws/install/unitree_h1_ros2/share/unitree_h1_ros2/meshes/right_hip_yaw_link.dae
[0.087s] -- Up-to-date: /home/linuxuser/unitree_noitom_teleop/visualiser_ws/install/unitree_h1_ros2/share/unitree_h1_ros2/meshes/Link21_L.dae
[0.087s] -- Up-to-date: /home/linuxuser/unitree_noitom_teleop/visualiser_ws/install/unitree_h1_ros2/share/unitree_h1_ros2/meshes/left_hip_yaw_link.dae
[0.087s] -- Up-to-date: /home/linuxuser/unitree_noitom_teleop/visualiser_ws/install/unitree_h1_ros2/share/unitree_h1_ros2/meshes/left_ankle_link.STL
[0.087s] -- Up-to-date: /home/linuxuser/unitree_noitom_teleop/visualiser_ws/install/unitree_h1_ros2/share/unitree_h1_ros2/meshes/right_shoulder_roll_link.dae
[0.087s] -- Up-to-date: /home/linuxuser/unitree_noitom_teleop/visualiser_ws/install/unitree_h1_ros2/share/unitree_h1_ros2/meshes/Link17_R.STL
[0.087s] -- Up-to-date: /home/linuxuser/unitree_noitom_teleop/visualiser_ws/install/unitree_h1_ros2/share/unitree_h1_ros2/meshes/right_shoulder_pitch_link.dae
[0.087s] -- Up-to-date: /home/linuxuser/unitree_noitom_teleop/visualiser_ws/install/unitree_h1_ros2/share/unitree_h1_ros2/meshes/Link17_L.dae
[0.087s] -- Up-to-date: /home/linuxuser/unitree_noitom_teleop/visualiser_ws/install/unitree_h1_ros2/share/unitree_h1_ros2/meshes/Link17_R.dae
[0.087s] -- Up-to-date: /home/linuxuser/unitree_noitom_teleop/visualiser_ws/install/unitree_h1_ros2/share/unitree_h1_ros2/meshes/Link19_L.dae
[0.087s] -- Up-to-date: /home/linuxuser/unitree_noitom_teleop/visualiser_ws/install/unitree_h1_ros2/share/unitree_h1_ros2/meshes/Link19_L.STL
[0.087s] -- Up-to-date: /home/linuxuser/unitree_noitom_teleop/visualiser_ws/install/unitree_h1_ros2/share/unitree_h1_ros2/meshes/Link21_R.STL
[0.087s] -- Up-to-date: /home/linuxuser/unitree_noitom_teleop/visualiser_ws/install/unitree_h1_ros2/share/unitree_h1_ros2/meshes/left_ankle_link.dae
[0.087s] -- Up-to-date: /home/linuxuser/unitree_noitom_teleop/visualiser_ws/install/unitree_h1_ros2/share/unitree_h1_ros2/meshes/Link14_L.dae
[0.087s] -- Up-to-date: /home/linuxuser/unitree_noitom_teleop/visualiser_ws/install/unitree_h1_ros2/share/unitree_h1_ros2/meshes/right_elbow_link.STL
[0.088s] -- Up-to-date: /home/linuxuser/unitree_noitom_teleop/visualiser_ws/install/unitree_h1_ros2/share/unitree_h1_ros2/meshes/right_knee_link.dae
[0.088s] -- Up-to-date: /home/linuxuser/unitree_noitom_teleop/visualiser_ws/install/unitree_h1_ros2/share/unitree_h1_ros2/meshes/Link12_R.STL
[0.088s] -- Up-to-date: /home/linuxuser/unitree_noitom_teleop/visualiser_ws/install/unitree_h1_ros2/share/unitree_h1_ros2/meshes/right_ankle_link.STL
[0.088s] -- Up-to-date: /home/linuxuser/unitree_noitom_teleop/visualiser_ws/install/unitree_h1_ros2/share/unitree_h1_ros2/meshes/logo_link.STL
[0.088s] -- Up-to-date: /home/linuxuser/unitree_noitom_teleop/visualiser_ws/install/unitree_h1_ros2/share/unitree_h1_ros2/meshes/Link18_L.dae
[0.088s] -- Up-to-date: /home/linuxuser/unitree_noitom_teleop/visualiser_ws/install/unitree_h1_ros2/share/unitree_h1_ros2/meshes/Link16_L.dae
[0.088s] -- Up-to-date: /home/linuxuser/unitree_noitom_teleop/visualiser_ws/install/unitree_h1_ros2/share/unitree_h1_ros2/meshes/right_hip_pitch_link.STL
[0.088s] -- Up-to-date: /home/linuxuser/unitree_noitom_teleop/visualiser_ws/install/unitree_h1_ros2/share/unitree_h1_ros2/meshes/left_hip_pitch_link.STL
[0.088s] -- Up-to-date: /home/linuxuser/unitree_noitom_teleop/visualiser_ws/install/unitree_h1_ros2/share/unitree_h1_ros2/meshes/Link16_R.STL
[0.088s] -- Up-to-date: /home/linuxuser/unitree_noitom_teleop/visualiser_ws/install/unitree_h1_ros2/share/unitree_h1_ros2/meshes/Link19_R.dae
[0.088s] -- Up-to-date: /home/linuxuser/unitree_noitom_teleop/visualiser_ws/install/unitree_h1_ros2/share/unitree_h1_ros2/meshes/torso_link.STL
[0.088s] -- Up-to-date: /home/linuxuser/unitree_noitom_teleop/visualiser_ws/install/unitree_h1_ros2/share/unitree_h1_ros2/meshes/Link19_R.STL
[0.088s] -- Up-to-date: /home/linuxuser/unitree_noitom_teleop/visualiser_ws/install/unitree_h1_ros2/share/unitree_h1_ros2/meshes/torso_link.dae
[0.088s] -- Up-to-date: /home/linuxuser/unitree_noitom_teleop/visualiser_ws/install/unitree_h1_ros2/share/unitree_h1_ros2/meshes/Link11_L.STL
[0.089s] -- Up-to-date: /home/linuxuser/unitree_noitom_teleop/visualiser_ws/install/unitree_h1_ros2/share/unitree_h1_ros2/meshes/Link17_L.STL
[0.089s] -- Up-to-date: /home/linuxuser/unitree_noitom_teleop/visualiser_ws/install/unitree_h1_ros2/share/unitree_h1_ros2/meshes/pelvis.dae
[0.089s] -- Up-to-date: /home/linuxuser/unitree_noitom_teleop/visualiser_ws/install/unitree_h1_ros2/share/unitree_h1_ros2/meshes/Link13_R.dae
[0.089s] -- Up-to-date: /home/linuxuser/unitree_noitom_teleop/visualiser_ws/install/unitree_h1_ros2/share/unitree_h1_ros2/meshes/left_elbow_link.dae
[0.089s] -- Up-to-date: /home/linuxuser/unitree_noitom_teleop/visualiser_ws/install/unitree_h1_ros2/share/unitree_h1_ros2/meshes/Link13_R.STL
[0.089s] -- Up-to-date: /home/linuxuser/unitree_noitom_teleop/visualiser_ws/install/unitree_h1_ros2/share/unitree_h1_ros2/meshes/left_hip_roll_link.STL
[0.089s] -- Up-to-date: /home/linuxuser/unitree_noitom_teleop/visualiser_ws/install/unitree_h1_ros2/share/unitree_h1_ros2/meshes/left_shoulder_roll_link.STL
[0.089s] -- Up-to-date: /home/linuxuser/unitree_noitom_teleop/visualiser_ws/install/unitree_h1_ros2/share/unitree_h1_ros2/meshes/right_hip_pitch_link.dae
[0.089s] -- Up-to-date: /home/linuxuser/unitree_noitom_teleop/visualiser_ws/install/unitree_h1_ros2/share/unitree_h1_ros2/meshes/Link14_R.dae
[0.089s] -- Up-to-date: /home/linuxuser/unitree_noitom_teleop/visualiser_ws/install/unitree_h1_ros2/share/unitree_h1_ros2/meshes/Link12_L.STL
[0.089s] -- Up-to-date: /home/linuxuser/unitree_noitom_teleop/visualiser_ws/install/unitree_h1_ros2/share/unitree_h1_ros2/meshes/Link15_R.STL
[0.089s] -- Up-to-date: /home/linuxuser/unitree_noitom_teleop/visualiser_ws/install/unitree_h1_ros2/share/unitree_h1_ros2/meshes/right_shoulder_yaw_link.STL
[0.089s] -- Up-to-date: /home/linuxuser/unitree_noitom_teleop/visualiser_ws/install/unitree_h1_ros2/share/unitree_h1_ros2/meshes/left_hand_link.STL
[0.089s] -- Up-to-date: /home/linuxuser/unitree_noitom_teleop/visualiser_ws/install/unitree_h1_ros2/share/unitree_h1_ros2/meshes/Link22_L.dae
[0.089s] -- Up-to-date: /home/linuxuser/unitree_noitom_teleop/visualiser_ws/install/unitree_h1_ros2/share/unitree_h1_ros2/meshes/Link16_L.STL
[0.089s] -- Up-to-date: /home/linuxuser/unitree_noitom_teleop/visualiser_ws/install/unitree_h1_ros2/share/unitree_h1_ros2/meshes/Link15_R.dae
[0.089s] -- Up-to-date: /home/linuxuser/unitree_noitom_teleop/visualiser_ws/install/unitree_h1_ros2/share/unitree_h1_ros2/meshes/logo_link.dae
[0.089s] -- Up-to-date: /home/linuxuser/unitree_noitom_teleop/visualiser_ws/install/unitree_h1_ros2/share/unitree_h1_ros2/meshes/left_knee_link.STL
[0.089s] -- Up-to-date: /home/linuxuser/unitree_noitom_teleop/visualiser_ws/install/unitree_h1_ros2/share/unitree_h1_ros2/meshes/right_hand_link.dae
[0.089s] -- Up-to-date: /home/linuxuser/unitree_noitom_teleop/visualiser_ws/install/unitree_h1_ros2/share/unitree_h1_ros2/meshes/right_knee_link.STL
[0.090s] -- Up-to-date: /home/linuxuser/unitree_noitom_teleop/visualiser_ws/install/unitree_h1_ros2/share/unitree_h1_ros2/meshes/Link13_L.STL
[0.090s] -- Up-to-date: /home/linuxuser/unitree_noitom_teleop/visualiser_ws/install/unitree_h1_ros2/share/unitree_h1_ros2/meshes/Link12_R.dae
[0.090s] -- Up-to-date: /home/linuxuser/unitree_noitom_teleop/visualiser_ws/install/unitree_h1_ros2/share/unitree_h1_ros2/meshes/Link15_L.dae
[0.090s] -- Up-to-date: /home/linuxuser/unitree_noitom_teleop/visualiser_ws/install/unitree_h1_ros2/share/unitree_h1_ros2/meshes/right_shoulder_roll_link.STL
[0.090s] -- Up-to-date: /home/linuxuser/unitree_noitom_teleop/visualiser_ws/install/unitree_h1_ros2/share/unitree_h1_ros2/meshes/right_shoulder_yaw_link.dae
[0.090s] -- Up-to-date: /home/linuxuser/unitree_noitom_teleop/visualiser_ws/install/unitree_h1_ros2/share/unitree_h1_ros2/meshes/left_hip_roll_link.dae
[0.090s] -- Up-to-date: /home/linuxuser/unitree_noitom_teleop/visualiser_ws/install/unitree_h1_ros2/share/unitree_h1_ros2/meshes/R_hand_base_link.dae
[0.090s] -- Up-to-date: /home/linuxuser/unitree_noitom_teleop/visualiser_ws/install/unitree_h1_ros2/share/unitree_h1_ros2/meshes/Link22_L.STL
[0.090s] -- Up-to-date: /home/linuxuser/unitree_noitom_teleop/visualiser_ws/install/unitree_h1_ros2/share/unitree_h1_ros2/meshes/left_shoulder_yaw_link.STL
[0.090s] -- Up-to-date: /home/linuxuser/unitree_noitom_teleop/visualiser_ws/install/unitree_h1_ros2/share/unitree_h1_ros2/meshes/Link20_R.dae
[0.090s] -- Up-to-date: /home/linuxuser/unitree_noitom_teleop/visualiser_ws/install/unitree_h1_ros2/share/unitree_h1_ros2/meshes/Link20_L.dae
[0.090s] -- Up-to-date: /home/linuxuser/unitree_noitom_teleop/visualiser_ws/install/unitree_h1_ros2/share/unitree_h1_ros2/meshes/pelvis.STL
[0.090s] -- Up-to-date: /home/linuxuser/unitree_noitom_teleop/visualiser_ws/install/unitree_h1_ros2/share/unitree_h1_ros2/meshes/left_hip_yaw_link.STL
[0.090s] -- Up-to-date: /home/linuxuser/unitree_noitom_teleop/visualiser_ws/install/unitree_h1_ros2/share/unitree_h1_ros2/meshes/Link20_R.STL
[0.090s] -- Up-to-date: /home/linuxuser/unitree_noitom_teleop/visualiser_ws/install/unitree_h1_ros2/share/unitree_h1_ros2/meshes/Link14_R.STL
[0.090s] -- Up-to-date: /home/linuxuser/unitree_noitom_teleop/visualiser_ws/install/unitree_h1_ros2/share/unitree_h1_ros2/meshes/right_hand_link.STL
[0.090s] -- Up-to-date: /home/linuxuser/unitree_noitom_teleop/visualiser_ws/install/unitree_h1_ros2/share/unitree_h1_ros2/meshes/left_knee_link.dae
[0.090s] -- Up-to-date: /home/linuxuser/unitree_noitom_teleop/visualiser_ws/install/unitree_h1_ros2/share/unitree_h1_ros2/meshes/right_ankle_link.dae
[0.090s] -- Up-to-date: /home/linuxuser/unitree_noitom_teleop/visualiser_ws/install/unitree_h1_ros2/share/unitree_h1_ros2/meshes/Link18_R.dae
[0.090s] -- Up-to-date: /home/linuxuser/unitree_noitom_teleop/visualiser_ws/install/unitree_h1_ros2/share/unitree_h1_ros2/meshes/Link21_R.dae
[0.090s] -- Up-to-date: /home/linuxuser/unitree_noitom_teleop/visualiser_ws/install/unitree_h1_ros2/share/unitree_h1_ros2/meshes/Link13_L.dae
[0.090s] -- Up-to-date: /home/linuxuser/unitree_noitom_teleop/visualiser_ws/install/unitree_h1_ros2/share/unitree_h1_ros2/meshes/Link22_R.dae
[0.090s] -- Up-to-date: /home/linuxuser/unitree_noitom_teleop/visualiser_ws/install/unitree_h1_ros2/share/unitree_h1_ros2/meshes/Link18_R.STL
[0.090s] -- Up-to-date: /home/linuxuser/unitree_noitom_teleop/visualiser_ws/install/unitree_h1_ros2/share/unitree_h1_ros2/meshes/Link15_L.STL
[0.091s] -- Up-to-date: /home/linuxuser/unitree_noitom_teleop/visualiser_ws/install/unitree_h1_ros2/share/unitree_h1_ros2/meshes/Link11_R.dae
[0.091s] -- Up-to-date: /home/linuxuser/unitree_noitom_teleop/visualiser_ws/install/unitree_h1_ros2/share/unitree_h1_ros2/meshes/right_elbow_link.dae
[0.091s] -- Up-to-date: /home/linuxuser/unitree_noitom_teleop/visualiser_ws/install/unitree_h1_ros2/share/unitree_h1_ros2/meshes/Link20_L.STL
[0.091s] -- Up-to-date: /home/linuxuser/unitree_noitom_teleop/visualiser_ws/install/unitree_h1_ros2/share/unitree_h1_ros2/meshes/left_elbow_link.STL
[0.091s] -- Up-to-date: /home/linuxuser/unitree_noitom_teleop/visualiser_ws/install/unitree_h1_ros2/share/unitree_h1_ros2/meshes/Link11_L.dae
[0.091s] -- Up-to-date: /home/linuxuser/unitree_noitom_teleop/visualiser_ws/install/unitree_h1_ros2/share/unitree_h1_ros2/meshes/L_hand_base_link.STL
[0.091s] -- Up-to-date: /home/linuxuser/unitree_noitom_teleop/visualiser_ws/install/unitree_h1_ros2/share/unitree_h1_ros2/meshes/left_hand_link.dae
[0.091s] -- Up-to-date: /home/linuxuser/unitree_noitom_teleop/visualiser_ws/install/unitree_h1_ros2/share/unitree_h1_ros2/meshes/left_shoulder_yaw_link.dae
[0.091s] -- Up-to-date: /home/linuxuser/unitree_noitom_teleop/visualiser_ws/install/unitree_h1_ros2/share/unitree_h1_ros2/meshes/right_hip_yaw_link.STL
[0.091s] -- Up-to-date: /home/linuxuser/unitree_noitom_teleop/visualiser_ws/install/unitree_h1_ros2/share/unitree_h1_ros2/meshes/left_hip_pitch_link.dae
[0.091s] -- Up-to-date: /home/linuxuser/unitree_noitom_teleop/visualiser_ws/install/unitree_h1_ros2/share/unitree_h1_ros2/meshes/left_shoulder_pitch_link.dae
[0.091s] -- Up-to-date: /home/linuxuser/unitree_noitom_teleop/visualiser_ws/install/unitree_h1_ros2/share/unitree_h1_ros2/meshes/Link14_L.STL
[0.091s] -- Up-to-date: /home/linuxuser/unitree_noitom_teleop/visualiser_ws/install/unitree_h1_ros2/share/unitree_h1_ros2/meshes/right_hip_roll_link.dae
[0.091s] -- Up-to-date: /home/linuxuser/unitree_noitom_teleop/visualiser_ws/install/unitree_h1_ros2/share/unitree_h1_ros2/meshes/Link22_R.STL
[0.091s] -- Up-to-date: /home/linuxuser/unitree_noitom_teleop/visualiser_ws/install/unitree_h1_ros2/share/unitree_h1_ros2/meshes/Link11_R.STL
[0.091s] -- Up-to-date: /home/linuxuser/unitree_noitom_teleop/visualiser_ws/install/unitree_h1_ros2/share/unitree_h1_ros2/meshes/Link21_L.STL
[0.091s] -- Up-to-date: /home/linuxuser/unitree_noitom_teleop/visualiser_ws/install/unitree_h1_ros2/share/unitree_h1_ros2/meshes/R_hand_base_link.STL
[0.091s] -- Up-to-date: /home/linuxuser/unitree_noitom_teleop/visualiser_ws/install/unitree_h1_ros2/share/unitree_h1_ros2/urdf
[0.091s] -- Up-to-date: /home/linuxuser/unitree_noitom_teleop/visualiser_ws/install/unitree_h1_ros2/share/unitree_h1_ros2/urdf/h1.urdf
[0.091s] -- Up-to-date: /home/linuxuser/unitree_noitom_teleop/visualiser_ws/install/unitree_h1_ros2/share/unitree_h1_ros2/urdf/h1_with_hand.urdf
[0.091s] -- Up-to-date: /home/linuxuser/unitree_noitom_teleop/visualiser_ws/install/unitree_h1_ros2/share/unitree_h1_ros2/README.md
[0.091s] -- Up-to-date: /home/linuxuser/unitree_noitom_teleop/visualiser_ws/install/unitree_h1_ros2/share/unitree_h1_ros2/LICENSE
[0.092s] -- Up-to-date: /home/linuxuser/unitree_noitom_teleop/visualiser_ws/install/unitree_h1_ros2/share/ament_index/resource_index/package_run_dependencies/unitree_h1_ros2
[0.092s] -- Up-to-date: /home/linuxuser/unitree_noitom_teleop/visualiser_ws/install/unitree_h1_ros2/share/ament_index/resource_index/parent_prefix_path/unitree_h1_ros2
[0.092s] -- Up-to-date: /home/linuxuser/unitree_noitom_teleop/visualiser_ws/install/unitree_h1_ros2/share/unitree_h1_ros2/environment/ament_prefix_path.sh
[0.092s] -- Up-to-date: /home/linuxuser/unitree_noitom_teleop/visualiser_ws/install/unitree_h1_ros2/share/unitree_h1_ros2/environment/ament_prefix_path.dsv
[0.092s] -- Up-to-date: /home/linuxuser/unitree_noitom_teleop/visualiser_ws/install/unitree_h1_ros2/share/unitree_h1_ros2/environment/path.sh
[0.092s] -- Up-to-date: /home/linuxuser/unitree_noitom_teleop/visualiser_ws/install/unitree_h1_ros2/share/unitree_h1_ros2/environment/path.dsv
[0.092s] -- Up-to-date: /home/linuxuser/unitree_noitom_teleop/visualiser_ws/install/unitree_h1_ros2/share/unitree_h1_ros2/local_setup.bash
[0.092s] -- Up-to-date: /home/linuxuser/unitree_noitom_teleop/visualiser_ws/install/unitree_h1_ros2/share/unitree_h1_ros2/local_setup.sh
[0.092s] -- Up-to-date: /home/linuxuser/unitree_noitom_teleop/visualiser_ws/install/unitree_h1_ros2/share/unitree_h1_ros2/local_setup.zsh
[0.092s] -- Up-to-date: /home/linuxuser/unitree_noitom_teleop/visualiser_ws/install/unitree_h1_ros2/share/unitree_h1_ros2/local_setup.dsv
[0.092s] -- Up-to-date: /home/linuxuser/unitree_noitom_teleop/visualiser_ws/install/unitree_h1_ros2/share/unitree_h1_ros2/package.dsv
[0.092s] -- Up-to-date: /home/linuxuser/unitree_noitom_teleop/visualiser_ws/install/unitree_h1_ros2/share/ament_index/resource_index/packages/unitree_h1_ros2
[0.092s] -- Up-to-date: /home/linuxuser/unitree_noitom_teleop/visualiser_ws/install/unitree_h1_ros2/share/unitree_h1_ros2/cmake/unitree_h1_ros2Config.cmake
[0.092s] -- Up-to-date: /home/linuxuser/unitree_noitom_teleop/visualiser_ws/install/unitree_h1_ros2/share/unitree_h1_ros2/cmake/unitree_h1_ros2Config-version.cmake
[0.092s] -- Up-to-date: /home/linuxuser/unitree_noitom_teleop/visualiser_ws/install/unitree_h1_ros2/share/unitree_h1_ros2/package.xml
[0.107s] Invoked command in '/home/linuxuser/unitree_noitom_teleop/visualiser_ws/build/unitree_h1_ros2' returned '0': CMAKE_PREFIX_PATH=${CMAKE_PREFIX_PATH}:/opt/ros/humble /usr/bin/cmake --install /home/linuxuser/unitree_noitom_teleop/visualiser_ws/build/unitree_h1_ros2
