[0.013s] Invoking command in '/home/linuxuser/unitree_noitom_teleop/visualiser_ws/build/unitree_g1_ros2': CMAKE_PREFIX_PATH=${CMAKE_PREFIX_PATH}:/opt/ros/humble /usr/bin/cmake /home/linuxuser/unitree_noitom_teleop/visualiser_ws/src/mocap_ros_urdf/unitree_g1_ros2 -DCMAKE_INSTALL_PREFIX=/home/linuxuser/unitree_noitom_teleop/visualiser_ws/install/unitree_g1_ros2
[0.070s] -- The C compiler identification is GNU 11.4.0
[0.134s] -- The CXX compiler identification is GNU 11.4.0
[0.141s] -- Detecting C compiler ABI info
[0.213s] -- Detecting C compiler ABI info - done
[0.224s] -- Check for working C compiler: /usr/bin/cc - skipped
[0.224s] -- Detecting C compile features
[0.224s] -- Detecting C compile features - done
[0.228s] -- Detecting CXX compiler ABI info
[0.311s] -- Detecting CXX compiler ABI info - done
[0.318s] -- Check for working CXX compiler: /usr/bin/c++ - skipped
[0.318s] -- Detecting CXX compile features
[0.318s] -- Detecting CXX compile features - done
[0.321s] -- Found ament_cmake: 1.3.14 (/opt/ros/humble/share/ament_cmake/cmake)
[0.462s] -- Found Python3: /usr/bin/python3 (found version "3.10.12") found components: Interpreter 
[0.552s] -- Found rclcpp: 16.0.19 (/opt/ros/humble/share/rclcpp/cmake)
[0.597s] -- Found rosidl_generator_c: 3.1.8 (/opt/ros/humble/share/rosidl_generator_c/cmake)
[0.602s] -- Found rosidl_adapter: 3.1.8 (/opt/ros/humble/share/rosidl_adapter/cmake)
[0.610s] -- Found rosidl_generator_cpp: 3.1.8 (/opt/ros/humble/share/rosidl_generator_cpp/cmake)
[0.621s] -- Using all available rosidl_typesupport_c: rosidl_typesupport_fastrtps_c;rosidl_typesupport_introspection_c
[0.637s] -- Using all available rosidl_typesupport_cpp: rosidl_typesupport_fastrtps_cpp;rosidl_typesupport_introspection_cpp
[0.677s] -- Found rmw_implementation_cmake: 6.1.2 (/opt/ros/humble/share/rmw_implementation_cmake/cmake)
[0.680s] -- Found rmw_fastrtps_cpp: 6.2.10 (/opt/ros/humble/share/rmw_fastrtps_cpp/cmake)
[0.781s] -- Found OpenSSL: /usr/lib/x86_64-linux-gnu/libcrypto.so (found version "3.0.2")  
[0.804s] -- Found FastRTPS: /opt/ros/humble/include  
[0.845s] -- Using RMW implementation 'rmw_fastrtps_cpp' as default
[0.854s] -- Looking for pthread.h
[0.931s] -- Looking for pthread.h - found
[0.932s] -- Performing Test CMAKE_HAVE_LIBC_PTHREAD
[1.007s] -- Performing Test CMAKE_HAVE_LIBC_PTHREAD - Success
[1.008s] -- Found Threads: TRUE  
[1.054s] -- Found sensor_msgs: 4.9.1 (/opt/ros/humble/share/sensor_msgs/cmake)
[1.136s] -- Configuring done
[1.140s] -- Generating done
[1.142s] -- Build files have been written to: /home/linuxuser/unitree_noitom_teleop/visualiser_ws/build/unitree_g1_ros2
[1.154s] Invoked command in '/home/linuxuser/unitree_noitom_teleop/visualiser_ws/build/unitree_g1_ros2' returned '0': CMAKE_PREFIX_PATH=${CMAKE_PREFIX_PATH}:/opt/ros/humble /usr/bin/cmake /home/linuxuser/unitree_noitom_teleop/visualiser_ws/src/mocap_ros_urdf/unitree_g1_ros2 -DCMAKE_INSTALL_PREFIX=/home/linuxuser/unitree_noitom_teleop/visualiser_ws/install/unitree_g1_ros2
[1.156s] Invoking command in '/home/linuxuser/unitree_noitom_teleop/visualiser_ws/build/unitree_g1_ros2': CMAKE_PREFIX_PATH=${CMAKE_PREFIX_PATH}:/opt/ros/humble /usr/bin/cmake --build /home/linuxuser/unitree_noitom_teleop/visualiser_ws/build/unitree_g1_ros2 -- -j16 -l16
[1.205s] Invoked command in '/home/linuxuser/unitree_noitom_teleop/visualiser_ws/build/unitree_g1_ros2' returned '0': CMAKE_PREFIX_PATH=${CMAKE_PREFIX_PATH}:/opt/ros/humble /usr/bin/cmake --build /home/linuxuser/unitree_noitom_teleop/visualiser_ws/build/unitree_g1_ros2 -- -j16 -l16
[1.207s] Invoking command in '/home/linuxuser/unitree_noitom_teleop/visualiser_ws/build/unitree_g1_ros2': CMAKE_PREFIX_PATH=${CMAKE_PREFIX_PATH}:/opt/ros/humble /usr/bin/cmake --install /home/linuxuser/unitree_noitom_teleop/visualiser_ws/build/unitree_g1_ros2
[1.213s] -- Install configuration: ""
[1.213s] -- Installing: /home/linuxuser/unitree_noitom_teleop/visualiser_ws/install/unitree_g1_ros2/share/unitree_g1_ros2/launch
[1.213s] -- Installing: /home/linuxuser/unitree_noitom_teleop/visualiser_ws/install/unitree_g1_ros2/share/unitree_g1_ros2/launch/gazebo.launch.py
[1.213s] -- Installing: /home/linuxuser/unitree_noitom_teleop/visualiser_ws/install/unitree_g1_ros2/share/unitree_g1_ros2/launch/display.launch.py
[1.213s] -- Installing: /home/linuxuser/unitree_noitom_teleop/visualiser_ws/install/unitree_g1_ros2/share/unitree_g1_ros2/launch/rviz.rviz
[1.214s] -- Installing: /home/linuxuser/unitree_noitom_teleop/visualiser_ws/install/unitree_g1_ros2/share/unitree_g1_ros2/meshes
[1.214s] -- Installing: /home/linuxuser/unitree_noitom_teleop/visualiser_ws/install/unitree_g1_ros2/share/unitree_g1_ros2/meshes/right_hip_roll_link.STL
[1.214s] -- Installing: /home/linuxuser/unitree_noitom_teleop/visualiser_ws/install/unitree_g1_ros2/share/unitree_g1_ros2/meshes/left_ankle_pitch_link.STL
[1.214s] -- Installing: /home/linuxuser/unitree_noitom_teleop/visualiser_ws/install/unitree_g1_ros2/share/unitree_g1_ros2/meshes/L_thumb_distal.STL
[1.215s] -- Installing: /home/linuxuser/unitree_noitom_teleop/visualiser_ws/install/unitree_g1_ros2/share/unitree_g1_ros2/meshes/L_thumb_intermediate.STL
[1.215s] -- Installing: /home/linuxuser/unitree_noitom_teleop/visualiser_ws/install/unitree_g1_ros2/share/unitree_g1_ros2/meshes/right_hand_index_1_link.STL
[1.217s] -- Installing: /home/linuxuser/unitree_noitom_teleop/visualiser_ws/install/unitree_g1_ros2/share/unitree_g1_ros2/meshes/right_shoulder_pitch_link.STL
[1.217s] -- Installing: /home/linuxuser/unitree_noitom_teleop/visualiser_ws/install/unitree_g1_ros2/share/unitree_g1_ros2/meshes/waist_constraint_L.STL
[1.217s] -- Installing: /home/linuxuser/unitree_noitom_teleop/visualiser_ws/install/unitree_g1_ros2/share/unitree_g1_ros2/meshes/left_wrist_pitch_link.STL
[1.218s] -- Installing: /home/linuxuser/unitree_noitom_teleop/visualiser_ws/install/unitree_g1_ros2/share/unitree_g1_ros2/meshes/left_shoulder_pitch_link.STL
[1.218s] -- Installing: /home/linuxuser/unitree_noitom_teleop/visualiser_ws/install/unitree_g1_ros2/share/unitree_g1_ros2/meshes/right_hand_thumb_0_link.STL
[1.218s] -- Installing: /home/linuxuser/unitree_noitom_teleop/visualiser_ws/install/unitree_g1_ros2/share/unitree_g1_ros2/meshes/torso_link_rev_1_0.STL
[1.221s] -- Installing: /home/linuxuser/unitree_noitom_teleop/visualiser_ws/install/unitree_g1_ros2/share/unitree_g1_ros2/meshes/pelvis_contour_link.STL
[1.223s] -- Installing: /home/linuxuser/unitree_noitom_teleop/visualiser_ws/install/unitree_g1_ros2/share/unitree_g1_ros2/meshes/R_middle_distal.STL
[1.223s] -- Installing: /home/linuxuser/unitree_noitom_teleop/visualiser_ws/install/unitree_g1_ros2/share/unitree_g1_ros2/meshes/waist_yaw_link.STL
[1.224s] -- Installing: /home/linuxuser/unitree_noitom_teleop/visualiser_ws/install/unitree_g1_ros2/share/unitree_g1_ros2/meshes/R_ring_proximal.STL
[1.224s] -- Installing: /home/linuxuser/unitree_noitom_teleop/visualiser_ws/install/unitree_g1_ros2/share/unitree_g1_ros2/meshes/right_hand_thumb_1_link.STL
[1.225s] -- Installing: /home/linuxuser/unitree_noitom_teleop/visualiser_ws/install/unitree_g1_ros2/share/unitree_g1_ros2/meshes/head_link.STL
[1.226s] -- Installing: /home/linuxuser/unitree_noitom_teleop/visualiser_ws/install/unitree_g1_ros2/share/unitree_g1_ros2/meshes/left_hand_thumb_2_link.STL
[1.228s] -- Installing: /home/linuxuser/unitree_noitom_teleop/visualiser_ws/install/unitree_g1_ros2/share/unitree_g1_ros2/meshes/left_hand_index_0_link.STL
[1.228s] -- Installing: /home/linuxuser/unitree_noitom_teleop/visualiser_ws/install/unitree_g1_ros2/share/unitree_g1_ros2/meshes/waist_support_link.STL
[1.229s] -- Installing: /home/linuxuser/unitree_noitom_teleop/visualiser_ws/install/unitree_g1_ros2/share/unitree_g1_ros2/meshes/waist_roll_link.STL
[1.229s] -- Installing: /home/linuxuser/unitree_noitom_teleop/visualiser_ws/install/unitree_g1_ros2/share/unitree_g1_ros2/meshes/left_wrist_yaw_link.STL
[1.230s] -- Installing: /home/linuxuser/unitree_noitom_teleop/visualiser_ws/install/unitree_g1_ros2/share/unitree_g1_ros2/meshes/right_elbow_link.STL
[1.230s] -- Installing: /home/linuxuser/unitree_noitom_teleop/visualiser_ws/install/unitree_g1_ros2/share/unitree_g1_ros2/meshes/left_hand_middle_1_link.STL
[1.232s] -- Installing: /home/linuxuser/unitree_noitom_teleop/visualiser_ws/install/unitree_g1_ros2/share/unitree_g1_ros2/meshes/logo_link.STL
[1.232s] -- Installing: /home/linuxuser/unitree_noitom_teleop/visualiser_ws/install/unitree_g1_ros2/share/unitree_g1_ros2/meshes/right_hip_pitch_link.STL
[1.233s] -- Installing: /home/linuxuser/unitree_noitom_teleop/visualiser_ws/install/unitree_g1_ros2/share/unitree_g1_ros2/meshes/left_hip_pitch_link.STL
[1.233s] -- Installing: /home/linuxuser/unitree_noitom_teleop/visualiser_ws/install/unitree_g1_ros2/share/unitree_g1_ros2/meshes/R_index_proximal.STL
[1.234s] -- Installing: /home/linuxuser/unitree_noitom_teleop/visualiser_ws/install/unitree_g1_ros2/share/unitree_g1_ros2/meshes/right_hand_palm_link.STL
[1.236s] -- Installing: /home/linuxuser/unitree_noitom_teleop/visualiser_ws/install/unitree_g1_ros2/share/unitree_g1_ros2/meshes/left_rubber_hand.STL
[1.239s] -- Installing: /home/linuxuser/unitree_noitom_teleop/visualiser_ws/install/unitree_g1_ros2/share/unitree_g1_ros2/meshes/torso_link.STL
[1.241s] -- Installing: /home/linuxuser/unitree_noitom_teleop/visualiser_ws/install/unitree_g1_ros2/share/unitree_g1_ros2/meshes/R_index_distal.STL
[1.241s] -- Installing: /home/linuxuser/unitree_noitom_teleop/visualiser_ws/install/unitree_g1_ros2/share/unitree_g1_ros2/meshes/R_ring_distal.STL
[1.242s] -- Installing: /home/linuxuser/unitree_noitom_teleop/visualiser_ws/install/unitree_g1_ros2/share/unitree_g1_ros2/meshes/L_middle_distal.STL
[1.242s] -- Installing: /home/linuxuser/unitree_noitom_teleop/visualiser_ws/install/unitree_g1_ros2/share/unitree_g1_ros2/meshes/left_hand_middle_0_link.STL
[1.243s] -- Installing: /home/linuxuser/unitree_noitom_teleop/visualiser_ws/install/unitree_g1_ros2/share/unitree_g1_ros2/meshes/L_index_proximal.STL
[1.244s] -- Installing: /home/linuxuser/unitree_noitom_teleop/visualiser_ws/install/unitree_g1_ros2/share/unitree_g1_ros2/meshes/torso_constraint_R_link.STL
[1.244s] -- Installing: /home/linuxuser/unitree_noitom_teleop/visualiser_ws/install/unitree_g1_ros2/share/unitree_g1_ros2/meshes/R_middle_proximal.STL
[1.245s] -- Installing: /home/linuxuser/unitree_noitom_teleop/visualiser_ws/install/unitree_g1_ros2/share/unitree_g1_ros2/meshes/waist_constraint_R.STL
[1.245s] -- Installing: /home/linuxuser/unitree_noitom_teleop/visualiser_ws/install/unitree_g1_ros2/share/unitree_g1_ros2/meshes/left_hip_roll_link.STL
[1.245s] -- Installing: /home/linuxuser/unitree_noitom_teleop/visualiser_ws/install/unitree_g1_ros2/share/unitree_g1_ros2/meshes/waist_roll_link_rev_1_0.STL
[1.246s] -- Installing: /home/linuxuser/unitree_noitom_teleop/visualiser_ws/install/unitree_g1_ros2/share/unitree_g1_ros2/meshes/left_shoulder_roll_link.STL
[1.246s] -- Installing: /home/linuxuser/unitree_noitom_teleop/visualiser_ws/install/unitree_g1_ros2/share/unitree_g1_ros2/meshes/R_pinky_distal.STL
[1.247s] -- Installing: /home/linuxuser/unitree_noitom_teleop/visualiser_ws/install/unitree_g1_ros2/share/unitree_g1_ros2/meshes/R_thumb_intermediate.STL
[1.248s] -- Installing: /home/linuxuser/unitree_noitom_teleop/visualiser_ws/install/unitree_g1_ros2/share/unitree_g1_ros2/meshes/right_shoulder_yaw_link.STL
[1.248s] -- Installing: /home/linuxuser/unitree_noitom_teleop/visualiser_ws/install/unitree_g1_ros2/share/unitree_g1_ros2/meshes/L_pinky_distal.STL
[1.249s] -- Installing: /home/linuxuser/unitree_noitom_teleop/visualiser_ws/install/unitree_g1_ros2/share/unitree_g1_ros2/meshes/left_hand_thumb_0_link.STL
[1.249s] -- Installing: /home/linuxuser/unitree_noitom_teleop/visualiser_ws/install/unitree_g1_ros2/share/unitree_g1_ros2/meshes/right_hand_thumb_2_link.STL
[1.250s] -- Installing: /home/linuxuser/unitree_noitom_teleop/visualiser_ws/install/unitree_g1_ros2/share/unitree_g1_ros2/meshes/left_knee_link.STL
[1.251s] -- Installing: /home/linuxuser/unitree_noitom_teleop/visualiser_ws/install/unitree_g1_ros2/share/unitree_g1_ros2/meshes/right_hand_index_0_link.STL
[1.252s] -- Installing: /home/linuxuser/unitree_noitom_teleop/visualiser_ws/install/unitree_g1_ros2/share/unitree_g1_ros2/meshes/right_knee_link.STL
[1.253s] -- Installing: /home/linuxuser/unitree_noitom_teleop/visualiser_ws/install/unitree_g1_ros2/share/unitree_g1_ros2/meshes/R_pinky_proximal.STL
[1.254s] -- Installing: /home/linuxuser/unitree_noitom_teleop/visualiser_ws/install/unitree_g1_ros2/share/unitree_g1_ros2/meshes/right_shoulder_roll_link.STL
[1.254s] -- Installing: /home/linuxuser/unitree_noitom_teleop/visualiser_ws/install/unitree_g1_ros2/share/unitree_g1_ros2/meshes/torso_constraint_L_link.STL
[1.255s] -- Installing: /home/linuxuser/unitree_noitom_teleop/visualiser_ws/install/unitree_g1_ros2/share/unitree_g1_ros2/meshes/left_shoulder_yaw_link.STL
[1.255s] -- Installing: /home/linuxuser/unitree_noitom_teleop/visualiser_ws/install/unitree_g1_ros2/share/unitree_g1_ros2/meshes/left_wrist_roll_rubber_hand.STL
[1.259s] -- Installing: /home/linuxuser/unitree_noitom_teleop/visualiser_ws/install/unitree_g1_ros2/share/unitree_g1_ros2/meshes/left_hand_palm_link.STL
[1.261s] -- Installing: /home/linuxuser/unitree_noitom_teleop/visualiser_ws/install/unitree_g1_ros2/share/unitree_g1_ros2/meshes/right_wrist_roll_link.STL
[1.261s] -- Installing: /home/linuxuser/unitree_noitom_teleop/visualiser_ws/install/unitree_g1_ros2/share/unitree_g1_ros2/meshes/right_hand_middle_1_link.STL
[1.263s] -- Installing: /home/linuxuser/unitree_noitom_teleop/visualiser_ws/install/unitree_g1_ros2/share/unitree_g1_ros2/meshes/left_ankle_roll_link.STL
[1.264s] -- Installing: /home/linuxuser/unitree_noitom_teleop/visualiser_ws/install/unitree_g1_ros2/share/unitree_g1_ros2/meshes/right_wrist_yaw_link.STL
[1.264s] -- Installing: /home/linuxuser/unitree_noitom_teleop/visualiser_ws/install/unitree_g1_ros2/share/unitree_g1_ros2/meshes/pelvis.STL
[1.265s] -- Installing: /home/linuxuser/unitree_noitom_teleop/visualiser_ws/install/unitree_g1_ros2/share/unitree_g1_ros2/meshes/left_hip_yaw_link.STL
[1.266s] -- Installing: /home/linuxuser/unitree_noitom_teleop/visualiser_ws/install/unitree_g1_ros2/share/unitree_g1_ros2/meshes/right_ankle_roll_link.STL
[1.267s] -- Installing: /home/linuxuser/unitree_noitom_teleop/visualiser_ws/install/unitree_g1_ros2/share/unitree_g1_ros2/meshes/L_thumb_proximal_base.STL
[1.267s] -- Installing: /home/linuxuser/unitree_noitom_teleop/visualiser_ws/install/unitree_g1_ros2/share/unitree_g1_ros2/meshes/L_ring_distal.STL
[1.267s] -- Installing: /home/linuxuser/unitree_noitom_teleop/visualiser_ws/install/unitree_g1_ros2/share/unitree_g1_ros2/meshes/R_thumb_distal.STL
[1.268s] -- Installing: /home/linuxuser/unitree_noitom_teleop/visualiser_ws/install/unitree_g1_ros2/share/unitree_g1_ros2/meshes/right_rubber_hand.STL
[1.270s] -- Installing: /home/linuxuser/unitree_noitom_teleop/visualiser_ws/install/unitree_g1_ros2/share/unitree_g1_ros2/meshes/right_wrist_pitch_link.STL
[1.270s] -- Installing: /home/linuxuser/unitree_noitom_teleop/visualiser_ws/install/unitree_g1_ros2/share/unitree_g1_ros2/meshes/R_thumb_proximal_base.STL
[1.270s] -- Installing: /home/linuxuser/unitree_noitom_teleop/visualiser_ws/install/unitree_g1_ros2/share/unitree_g1_ros2/meshes/left_hand_thumb_1_link.STL
[1.271s] -- Installing: /home/linuxuser/unitree_noitom_teleop/visualiser_ws/install/unitree_g1_ros2/share/unitree_g1_ros2/meshes/L_index_distal.STL
[1.271s] -- Installing: /home/linuxuser/unitree_noitom_teleop/visualiser_ws/install/unitree_g1_ros2/share/unitree_g1_ros2/meshes/right_wrist_roll_rubber_hand.STL
[1.275s] -- Installing: /home/linuxuser/unitree_noitom_teleop/visualiser_ws/install/unitree_g1_ros2/share/unitree_g1_ros2/meshes/L_thumb_proximal.STL
[1.276s] -- Installing: /home/linuxuser/unitree_noitom_teleop/visualiser_ws/install/unitree_g1_ros2/share/unitree_g1_ros2/meshes/L_middle_proximal.STL
[1.277s] -- Installing: /home/linuxuser/unitree_noitom_teleop/visualiser_ws/install/unitree_g1_ros2/share/unitree_g1_ros2/meshes/torso_constraint_R_rod_link.STL
[1.277s] -- Installing: /home/linuxuser/unitree_noitom_teleop/visualiser_ws/install/unitree_g1_ros2/share/unitree_g1_ros2/meshes/left_elbow_link.STL
[1.277s] -- Installing: /home/linuxuser/unitree_noitom_teleop/visualiser_ws/install/unitree_g1_ros2/share/unitree_g1_ros2/meshes/R_thumb_proximal.STL
[1.278s] -- Installing: /home/linuxuser/unitree_noitom_teleop/visualiser_ws/install/unitree_g1_ros2/share/unitree_g1_ros2/meshes/waist_yaw_link_rev_1_0.STL
[1.279s] -- Installing: /home/linuxuser/unitree_noitom_teleop/visualiser_ws/install/unitree_g1_ros2/share/unitree_g1_ros2/meshes/L_hand_base_link.STL
[1.281s] -- Installing: /home/linuxuser/unitree_noitom_teleop/visualiser_ws/install/unitree_g1_ros2/share/unitree_g1_ros2/meshes/right_ankle_pitch_link.STL
[1.281s] -- Installing: /home/linuxuser/unitree_noitom_teleop/visualiser_ws/install/unitree_g1_ros2/share/unitree_g1_ros2/meshes/L_pinky_proximal.STL
[1.282s] -- Installing: /home/linuxuser/unitree_noitom_teleop/visualiser_ws/install/unitree_g1_ros2/share/unitree_g1_ros2/meshes/torso_constraint_L_rod_link.STL
[1.282s] -- Installing: /home/linuxuser/unitree_noitom_teleop/visualiser_ws/install/unitree_g1_ros2/share/unitree_g1_ros2/meshes/torso_link_23dof_rev_1_0.STL
[1.290s] -- Installing: /home/linuxuser/unitree_noitom_teleop/visualiser_ws/install/unitree_g1_ros2/share/unitree_g1_ros2/meshes/right_hand_middle_0_link.STL
[1.291s] -- Installing: /home/linuxuser/unitree_noitom_teleop/visualiser_ws/install/unitree_g1_ros2/share/unitree_g1_ros2/meshes/L_ring_proximal.STL
[1.292s] -- Installing: /home/linuxuser/unitree_noitom_teleop/visualiser_ws/install/unitree_g1_ros2/share/unitree_g1_ros2/meshes/right_hip_yaw_link.STL
[1.292s] -- Installing: /home/linuxuser/unitree_noitom_teleop/visualiser_ws/install/unitree_g1_ros2/share/unitree_g1_ros2/meshes/left_wrist_roll_link.STL
[1.293s] -- Installing: /home/linuxuser/unitree_noitom_teleop/visualiser_ws/install/unitree_g1_ros2/share/unitree_g1_ros2/meshes/left_hand_index_1_link.STL
[1.294s] -- Installing: /home/linuxuser/unitree_noitom_teleop/visualiser_ws/install/unitree_g1_ros2/share/unitree_g1_ros2/meshes/R_hand_base_link.STL
[1.296s] -- Installing: /home/linuxuser/unitree_noitom_teleop/visualiser_ws/install/unitree_g1_ros2/share/unitree_g1_ros2/urdf
[1.296s] -- Installing: /home/linuxuser/unitree_noitom_teleop/visualiser_ws/install/unitree_g1_ros2/share/unitree_g1_ros2/urdf/g1_dual_arm.urdf
[1.296s] -- Installing: /home/linuxuser/unitree_noitom_teleop/visualiser_ws/install/unitree_g1_ros2/share/unitree_g1_ros2/urdf/g1_23dof_rev_1_0.urdf
[1.296s] -- Installing: /home/linuxuser/unitree_noitom_teleop/visualiser_ws/install/unitree_g1_ros2/share/unitree_g1_ros2/urdf/both_hands.csv
[1.297s] -- Installing: /home/linuxuser/unitree_noitom_teleop/visualiser_ws/install/unitree_g1_ros2/share/unitree_g1_ros2/urdf/g1_29dof.xml
[1.297s] -- Installing: /home/linuxuser/unitree_noitom_teleop/visualiser_ws/install/unitree_g1_ros2/share/unitree_g1_ros2/urdf/g1_29dof_with_hand.xml
[1.297s] -- Installing: /home/linuxuser/unitree_noitom_teleop/visualiser_ws/install/unitree_g1_ros2/share/unitree_g1_ros2/urdf/g1_29dof_with_hand.urdf
[1.297s] -- Installing: /home/linuxuser/unitree_noitom_teleop/visualiser_ws/install/unitree_g1_ros2/share/unitree_g1_ros2/urdf/g1_29dof_lock_waist_rev_1_0.urdf
[1.297s] -- Installing: /home/linuxuser/unitree_noitom_teleop/visualiser_ws/install/unitree_g1_ros2/share/unitree_g1_ros2/urdf/g1_29dof_lock_waist_rev_1_0.xml
[1.297s] -- Installing: /home/linuxuser/unitree_noitom_teleop/visualiser_ws/install/unitree_g1_ros2/share/unitree_g1_ros2/urdf/g1_29dof_with_hand_rev_1_0
[1.297s] -- Installing: /home/linuxuser/unitree_noitom_teleop/visualiser_ws/install/unitree_g1_ros2/share/unitree_g1_ros2/urdf/g1_29dof_with_hand_rev_1_0/g1_29dof_with_hand_rev_1_0.usd
[1.335s] -- Installing: /home/linuxuser/unitree_noitom_teleop/visualiser_ws/install/unitree_g1_ros2/share/unitree_g1_ros2/urdf/dex3_1_r.urdf
[1.336s] -- Installing: /home/linuxuser/unitree_noitom_teleop/visualiser_ws/install/unitree_g1_ros2/share/unitree_g1_ros2/urdf/g1_29dof_with_hand_rev_1_0.xml
[1.336s] -- Installing: /home/linuxuser/unitree_noitom_teleop/visualiser_ws/install/unitree_g1_ros2/share/unitree_g1_ros2/urdf/g1_23dof_rev_1_0.xml
[1.336s] -- Installing: /home/linuxuser/unitree_noitom_teleop/visualiser_ws/install/unitree_g1_ros2/share/unitree_g1_ros2/urdf/g1_29dof.urdf
[1.336s] -- Installing: /home/linuxuser/unitree_noitom_teleop/visualiser_ws/install/unitree_g1_ros2/share/unitree_g1_ros2/urdf/both_hands.urdf
[1.336s] -- Installing: /home/linuxuser/unitree_noitom_teleop/visualiser_ws/install/unitree_g1_ros2/share/unitree_g1_ros2/urdf/g1_dual_arm.xml
[1.336s] -- Installing: /home/linuxuser/unitree_noitom_teleop/visualiser_ws/install/unitree_g1_ros2/share/unitree_g1_ros2/urdf/g1_29dof_lock_waist.urdf
[1.337s] -- Installing: /home/linuxuser/unitree_noitom_teleop/visualiser_ws/install/unitree_g1_ros2/share/unitree_g1_ros2/urdf/g1_29dof_with_hand_rev_1_0.urdf
[1.337s] -- Installing: /home/linuxuser/unitree_noitom_teleop/visualiser_ws/install/unitree_g1_ros2/share/unitree_g1_ros2/urdf/g1_29dof_rev_1_0.xml
[1.337s] -- Installing: /home/linuxuser/unitree_noitom_teleop/visualiser_ws/install/unitree_g1_ros2/share/unitree_g1_ros2/urdf/g1_23dof.xml
[1.337s] -- Installing: /home/linuxuser/unitree_noitom_teleop/visualiser_ws/install/unitree_g1_ros2/share/unitree_g1_ros2/urdf/g1_29dof_rev_1_0.urdf
[1.337s] -- Installing: /home/linuxuser/unitree_noitom_teleop/visualiser_ws/install/unitree_g1_ros2/share/unitree_g1_ros2/urdf/g1_23dof.urdf
[1.337s] -- Installing: /home/linuxuser/unitree_noitom_teleop/visualiser_ws/install/unitree_g1_ros2/share/unitree_g1_ros2/urdf/dex3_1_l.urdf
[1.337s] -- Installing: /home/linuxuser/unitree_noitom_teleop/visualiser_ws/install/unitree_g1_ros2/share/unitree_g1_ros2/urdf/g1_29dof_lock_waist.xml
[1.337s] -- Installing: /home/linuxuser/unitree_noitom_teleop/visualiser_ws/install/unitree_g1_ros2/share/ament_index/resource_index/package_run_dependencies/unitree_g1_ros2
[1.337s] -- Installing: /home/linuxuser/unitree_noitom_teleop/visualiser_ws/install/unitree_g1_ros2/share/ament_index/resource_index/parent_prefix_path/unitree_g1_ros2
[1.339s] -- Installing: /home/linuxuser/unitree_noitom_teleop/visualiser_ws/install/unitree_g1_ros2/share/unitree_g1_ros2/environment/ament_prefix_path.sh
[1.339s] -- Installing: /home/linuxuser/unitree_noitom_teleop/visualiser_ws/install/unitree_g1_ros2/share/unitree_g1_ros2/environment/ament_prefix_path.dsv
[1.339s] -- Installing: /home/linuxuser/unitree_noitom_teleop/visualiser_ws/install/unitree_g1_ros2/share/unitree_g1_ros2/environment/path.sh
[1.339s] -- Installing: /home/linuxuser/unitree_noitom_teleop/visualiser_ws/install/unitree_g1_ros2/share/unitree_g1_ros2/environment/path.dsv
[1.339s] -- Installing: /home/linuxuser/unitree_noitom_teleop/visualiser_ws/install/unitree_g1_ros2/share/unitree_g1_ros2/local_setup.bash
[1.339s] -- Installing: /home/linuxuser/unitree_noitom_teleop/visualiser_ws/install/unitree_g1_ros2/share/unitree_g1_ros2/local_setup.sh
[1.339s] -- Installing: /home/linuxuser/unitree_noitom_teleop/visualiser_ws/install/unitree_g1_ros2/share/unitree_g1_ros2/local_setup.zsh
[1.339s] -- Installing: /home/linuxuser/unitree_noitom_teleop/visualiser_ws/install/unitree_g1_ros2/share/unitree_g1_ros2/local_setup.dsv
[1.339s] -- Installing: /home/linuxuser/unitree_noitom_teleop/visualiser_ws/install/unitree_g1_ros2/share/unitree_g1_ros2/package.dsv
[1.340s] -- Installing: /home/linuxuser/unitree_noitom_teleop/visualiser_ws/install/unitree_g1_ros2/share/ament_index/resource_index/packages/unitree_g1_ros2
[1.340s] -- Installing: /home/linuxuser/unitree_noitom_teleop/visualiser_ws/install/unitree_g1_ros2/share/unitree_g1_ros2/cmake/unitree_g1_ros2Config.cmake
[1.340s] -- Installing: /home/linuxuser/unitree_noitom_teleop/visualiser_ws/install/unitree_g1_ros2/share/unitree_g1_ros2/cmake/unitree_g1_ros2Config-version.cmake
[1.340s] -- Installing: /home/linuxuser/unitree_noitom_teleop/visualiser_ws/install/unitree_g1_ros2/share/unitree_g1_ros2/package.xml
[1.344s] Invoked command in '/home/linuxuser/unitree_noitom_teleop/visualiser_ws/build/unitree_g1_ros2' returned '0': CMAKE_PREFIX_PATH=${CMAKE_PREFIX_PATH}:/opt/ros/humble /usr/bin/cmake --install /home/linuxuser/unitree_noitom_teleop/visualiser_ws/build/unitree_g1_ros2
