-- Install configuration: ""
-- Up-to-date: /home/linuxuser/unitree_noitom_teleop/visualiser_ws/install/unitree_g1_ros2/share/unitree_g1_ros2/launch
-- Up-to-date: /home/linuxuser/unitree_noitom_teleop/visualiser_ws/install/unitree_g1_ros2/share/unitree_g1_ros2/launch/gazebo.launch.py
-- Up-to-date: /home/linuxuser/unitree_noitom_teleop/visualiser_ws/install/unitree_g1_ros2/share/unitree_g1_ros2/launch/display.launch.py
-- Installing: /home/linuxuser/unitree_noitom_teleop/visualiser_ws/install/unitree_g1_ros2/share/unitree_g1_ros2/launch/rviz.rviz
-- Up-to-date: /home/linuxuser/unitree_noitom_teleop/visualiser_ws/install/unitree_g1_ros2/share/unitree_g1_ros2/meshes
-- Up-to-date: /home/linuxuser/unitree_noitom_teleop/visualiser_ws/install/unitree_g1_ros2/share/unitree_g1_ros2/meshes/right_hip_roll_link.STL
-- Up-to-date: /home/linuxuser/unitree_noitom_teleop/visualiser_ws/install/unitree_g1_ros2/share/unitree_g1_ros2/meshes/left_ankle_pitch_link.STL
-- Up-to-date: /home/linuxuser/unitree_noitom_teleop/visualiser_ws/install/unitree_g1_ros2/share/unitree_g1_ros2/meshes/L_thumb_distal.STL
-- Up-to-date: /home/linuxuser/unitree_noitom_teleop/visualiser_ws/install/unitree_g1_ros2/share/unitree_g1_ros2/meshes/L_thumb_intermediate.STL
-- Up-to-date: /home/linuxuser/unitree_noitom_teleop/visualiser_ws/install/unitree_g1_ros2/share/unitree_g1_ros2/meshes/right_hand_index_1_link.STL
-- Up-to-date: /home/linuxuser/unitree_noitom_teleop/visualiser_ws/install/unitree_g1_ros2/share/unitree_g1_ros2/meshes/right_shoulder_pitch_link.STL
-- Up-to-date: /home/linuxuser/unitree_noitom_teleop/visualiser_ws/install/unitree_g1_ros2/share/unitree_g1_ros2/meshes/waist_constraint_L.STL
-- Up-to-date: /home/linuxuser/unitree_noitom_teleop/visualiser_ws/install/unitree_g1_ros2/share/unitree_g1_ros2/meshes/left_wrist_pitch_link.STL
-- Up-to-date: /home/linuxuser/unitree_noitom_teleop/visualiser_ws/install/unitree_g1_ros2/share/unitree_g1_ros2/meshes/left_shoulder_pitch_link.STL
-- Up-to-date: /home/linuxuser/unitree_noitom_teleop/visualiser_ws/install/unitree_g1_ros2/share/unitree_g1_ros2/meshes/right_hand_thumb_0_link.STL
-- Up-to-date: /home/linuxuser/unitree_noitom_teleop/visualiser_ws/install/unitree_g1_ros2/share/unitree_g1_ros2/meshes/torso_link_rev_1_0.STL
-- Up-to-date: /home/linuxuser/unitree_noitom_teleop/visualiser_ws/install/unitree_g1_ros2/share/unitree_g1_ros2/meshes/pelvis_contour_link.STL
-- Up-to-date: /home/linuxuser/unitree_noitom_teleop/visualiser_ws/install/unitree_g1_ros2/share/unitree_g1_ros2/meshes/R_middle_distal.STL
-- Up-to-date: /home/linuxuser/unitree_noitom_teleop/visualiser_ws/install/unitree_g1_ros2/share/unitree_g1_ros2/meshes/waist_yaw_link.STL
-- Up-to-date: /home/linuxuser/unitree_noitom_teleop/visualiser_ws/install/unitree_g1_ros2/share/unitree_g1_ros2/meshes/R_ring_proximal.STL
-- Up-to-date: /home/linuxuser/unitree_noitom_teleop/visualiser_ws/install/unitree_g1_ros2/share/unitree_g1_ros2/meshes/right_hand_thumb_1_link.STL
-- Up-to-date: /home/linuxuser/unitree_noitom_teleop/visualiser_ws/install/unitree_g1_ros2/share/unitree_g1_ros2/meshes/head_link.STL
-- Up-to-date: /home/linuxuser/unitree_noitom_teleop/visualiser_ws/install/unitree_g1_ros2/share/unitree_g1_ros2/meshes/left_hand_thumb_2_link.STL
-- Up-to-date: /home/linuxuser/unitree_noitom_teleop/visualiser_ws/install/unitree_g1_ros2/share/unitree_g1_ros2/meshes/left_hand_index_0_link.STL
-- Up-to-date: /home/linuxuser/unitree_noitom_teleop/visualiser_ws/install/unitree_g1_ros2/share/unitree_g1_ros2/meshes/waist_support_link.STL
-- Up-to-date: /home/linuxuser/unitree_noitom_teleop/visualiser_ws/install/unitree_g1_ros2/share/unitree_g1_ros2/meshes/waist_roll_link.STL
-- Up-to-date: /home/linuxuser/unitree_noitom_teleop/visualiser_ws/install/unitree_g1_ros2/share/unitree_g1_ros2/meshes/left_wrist_yaw_link.STL
-- Up-to-date: /home/linuxuser/unitree_noitom_teleop/visualiser_ws/install/unitree_g1_ros2/share/unitree_g1_ros2/meshes/right_elbow_link.STL
-- Up-to-date: /home/linuxuser/unitree_noitom_teleop/visualiser_ws/install/unitree_g1_ros2/share/unitree_g1_ros2/meshes/left_hand_middle_1_link.STL
-- Up-to-date: /home/linuxuser/unitree_noitom_teleop/visualiser_ws/install/unitree_g1_ros2/share/unitree_g1_ros2/meshes/logo_link.STL
-- Up-to-date: /home/linuxuser/unitree_noitom_teleop/visualiser_ws/install/unitree_g1_ros2/share/unitree_g1_ros2/meshes/right_hip_pitch_link.STL
-- Up-to-date: /home/linuxuser/unitree_noitom_teleop/visualiser_ws/install/unitree_g1_ros2/share/unitree_g1_ros2/meshes/left_hip_pitch_link.STL
-- Up-to-date: /home/linuxuser/unitree_noitom_teleop/visualiser_ws/install/unitree_g1_ros2/share/unitree_g1_ros2/meshes/R_index_proximal.STL
-- Up-to-date: /home/linuxuser/unitree_noitom_teleop/visualiser_ws/install/unitree_g1_ros2/share/unitree_g1_ros2/meshes/right_hand_palm_link.STL
-- Up-to-date: /home/linuxuser/unitree_noitom_teleop/visualiser_ws/install/unitree_g1_ros2/share/unitree_g1_ros2/meshes/left_rubber_hand.STL
-- Up-to-date: /home/linuxuser/unitree_noitom_teleop/visualiser_ws/install/unitree_g1_ros2/share/unitree_g1_ros2/meshes/torso_link.STL
-- Up-to-date: /home/linuxuser/unitree_noitom_teleop/visualiser_ws/install/unitree_g1_ros2/share/unitree_g1_ros2/meshes/R_index_distal.STL
-- Up-to-date: /home/linuxuser/unitree_noitom_teleop/visualiser_ws/install/unitree_g1_ros2/share/unitree_g1_ros2/meshes/R_ring_distal.STL
-- Up-to-date: /home/linuxuser/unitree_noitom_teleop/visualiser_ws/install/unitree_g1_ros2/share/unitree_g1_ros2/meshes/L_middle_distal.STL
-- Up-to-date: /home/linuxuser/unitree_noitom_teleop/visualiser_ws/install/unitree_g1_ros2/share/unitree_g1_ros2/meshes/left_hand_middle_0_link.STL
-- Up-to-date: /home/linuxuser/unitree_noitom_teleop/visualiser_ws/install/unitree_g1_ros2/share/unitree_g1_ros2/meshes/L_index_proximal.STL
-- Up-to-date: /home/linuxuser/unitree_noitom_teleop/visualiser_ws/install/unitree_g1_ros2/share/unitree_g1_ros2/meshes/torso_constraint_R_link.STL
-- Up-to-date: /home/linuxuser/unitree_noitom_teleop/visualiser_ws/install/unitree_g1_ros2/share/unitree_g1_ros2/meshes/R_middle_proximal.STL
-- Up-to-date: /home/linuxuser/unitree_noitom_teleop/visualiser_ws/install/unitree_g1_ros2/share/unitree_g1_ros2/meshes/waist_constraint_R.STL
-- Up-to-date: /home/linuxuser/unitree_noitom_teleop/visualiser_ws/install/unitree_g1_ros2/share/unitree_g1_ros2/meshes/left_hip_roll_link.STL
-- Up-to-date: /home/linuxuser/unitree_noitom_teleop/visualiser_ws/install/unitree_g1_ros2/share/unitree_g1_ros2/meshes/waist_roll_link_rev_1_0.STL
-- Up-to-date: /home/linuxuser/unitree_noitom_teleop/visualiser_ws/install/unitree_g1_ros2/share/unitree_g1_ros2/meshes/left_shoulder_roll_link.STL
-- Up-to-date: /home/linuxuser/unitree_noitom_teleop/visualiser_ws/install/unitree_g1_ros2/share/unitree_g1_ros2/meshes/R_pinky_distal.STL
-- Up-to-date: /home/linuxuser/unitree_noitom_teleop/visualiser_ws/install/unitree_g1_ros2/share/unitree_g1_ros2/meshes/R_thumb_intermediate.STL
-- Up-to-date: /home/linuxuser/unitree_noitom_teleop/visualiser_ws/install/unitree_g1_ros2/share/unitree_g1_ros2/meshes/right_shoulder_yaw_link.STL
-- Up-to-date: /home/linuxuser/unitree_noitom_teleop/visualiser_ws/install/unitree_g1_ros2/share/unitree_g1_ros2/meshes/L_pinky_distal.STL
-- Up-to-date: /home/linuxuser/unitree_noitom_teleop/visualiser_ws/install/unitree_g1_ros2/share/unitree_g1_ros2/meshes/left_hand_thumb_0_link.STL
-- Up-to-date: /home/linuxuser/unitree_noitom_teleop/visualiser_ws/install/unitree_g1_ros2/share/unitree_g1_ros2/meshes/right_hand_thumb_2_link.STL
-- Up-to-date: /home/linuxuser/unitree_noitom_teleop/visualiser_ws/install/unitree_g1_ros2/share/unitree_g1_ros2/meshes/left_knee_link.STL
-- Up-to-date: /home/linuxuser/unitree_noitom_teleop/visualiser_ws/install/unitree_g1_ros2/share/unitree_g1_ros2/meshes/right_hand_index_0_link.STL
-- Up-to-date: /home/linuxuser/unitree_noitom_teleop/visualiser_ws/install/unitree_g1_ros2/share/unitree_g1_ros2/meshes/right_knee_link.STL
-- Up-to-date: /home/linuxuser/unitree_noitom_teleop/visualiser_ws/install/unitree_g1_ros2/share/unitree_g1_ros2/meshes/R_pinky_proximal.STL
-- Up-to-date: /home/linuxuser/unitree_noitom_teleop/visualiser_ws/install/unitree_g1_ros2/share/unitree_g1_ros2/meshes/right_shoulder_roll_link.STL
-- Up-to-date: /home/linuxuser/unitree_noitom_teleop/visualiser_ws/install/unitree_g1_ros2/share/unitree_g1_ros2/meshes/torso_constraint_L_link.STL
-- Up-to-date: /home/linuxuser/unitree_noitom_teleop/visualiser_ws/install/unitree_g1_ros2/share/unitree_g1_ros2/meshes/left_shoulder_yaw_link.STL
-- Up-to-date: /home/linuxuser/unitree_noitom_teleop/visualiser_ws/install/unitree_g1_ros2/share/unitree_g1_ros2/meshes/left_wrist_roll_rubber_hand.STL
-- Up-to-date: /home/linuxuser/unitree_noitom_teleop/visualiser_ws/install/unitree_g1_ros2/share/unitree_g1_ros2/meshes/left_hand_palm_link.STL
-- Up-to-date: /home/linuxuser/unitree_noitom_teleop/visualiser_ws/install/unitree_g1_ros2/share/unitree_g1_ros2/meshes/right_wrist_roll_link.STL
-- Up-to-date: /home/linuxuser/unitree_noitom_teleop/visualiser_ws/install/unitree_g1_ros2/share/unitree_g1_ros2/meshes/right_hand_middle_1_link.STL
-- Up-to-date: /home/linuxuser/unitree_noitom_teleop/visualiser_ws/install/unitree_g1_ros2/share/unitree_g1_ros2/meshes/left_ankle_roll_link.STL
-- Up-to-date: /home/linuxuser/unitree_noitom_teleop/visualiser_ws/install/unitree_g1_ros2/share/unitree_g1_ros2/meshes/right_wrist_yaw_link.STL
-- Up-to-date: /home/linuxuser/unitree_noitom_teleop/visualiser_ws/install/unitree_g1_ros2/share/unitree_g1_ros2/meshes/pelvis.STL
-- Up-to-date: /home/linuxuser/unitree_noitom_teleop/visualiser_ws/install/unitree_g1_ros2/share/unitree_g1_ros2/meshes/left_hip_yaw_link.STL
-- Up-to-date: /home/linuxuser/unitree_noitom_teleop/visualiser_ws/install/unitree_g1_ros2/share/unitree_g1_ros2/meshes/right_ankle_roll_link.STL
-- Up-to-date: /home/linuxuser/unitree_noitom_teleop/visualiser_ws/install/unitree_g1_ros2/share/unitree_g1_ros2/meshes/L_thumb_proximal_base.STL
-- Up-to-date: /home/linuxuser/unitree_noitom_teleop/visualiser_ws/install/unitree_g1_ros2/share/unitree_g1_ros2/meshes/L_ring_distal.STL
-- Up-to-date: /home/linuxuser/unitree_noitom_teleop/visualiser_ws/install/unitree_g1_ros2/share/unitree_g1_ros2/meshes/R_thumb_distal.STL
-- Up-to-date: /home/linuxuser/unitree_noitom_teleop/visualiser_ws/install/unitree_g1_ros2/share/unitree_g1_ros2/meshes/right_rubber_hand.STL
-- Up-to-date: /home/linuxuser/unitree_noitom_teleop/visualiser_ws/install/unitree_g1_ros2/share/unitree_g1_ros2/meshes/right_wrist_pitch_link.STL
-- Up-to-date: /home/linuxuser/unitree_noitom_teleop/visualiser_ws/install/unitree_g1_ros2/share/unitree_g1_ros2/meshes/R_thumb_proximal_base.STL
-- Up-to-date: /home/linuxuser/unitree_noitom_teleop/visualiser_ws/install/unitree_g1_ros2/share/unitree_g1_ros2/meshes/left_hand_thumb_1_link.STL
-- Up-to-date: /home/linuxuser/unitree_noitom_teleop/visualiser_ws/install/unitree_g1_ros2/share/unitree_g1_ros2/meshes/L_index_distal.STL
-- Up-to-date: /home/linuxuser/unitree_noitom_teleop/visualiser_ws/install/unitree_g1_ros2/share/unitree_g1_ros2/meshes/right_wrist_roll_rubber_hand.STL
-- Up-to-date: /home/linuxuser/unitree_noitom_teleop/visualiser_ws/install/unitree_g1_ros2/share/unitree_g1_ros2/meshes/L_thumb_proximal.STL
-- Up-to-date: /home/linuxuser/unitree_noitom_teleop/visualiser_ws/install/unitree_g1_ros2/share/unitree_g1_ros2/meshes/L_middle_proximal.STL
-- Up-to-date: /home/linuxuser/unitree_noitom_teleop/visualiser_ws/install/unitree_g1_ros2/share/unitree_g1_ros2/meshes/torso_constraint_R_rod_link.STL
-- Up-to-date: /home/linuxuser/unitree_noitom_teleop/visualiser_ws/install/unitree_g1_ros2/share/unitree_g1_ros2/meshes/left_elbow_link.STL
-- Up-to-date: /home/linuxuser/unitree_noitom_teleop/visualiser_ws/install/unitree_g1_ros2/share/unitree_g1_ros2/meshes/R_thumb_proximal.STL
-- Up-to-date: /home/linuxuser/unitree_noitom_teleop/visualiser_ws/install/unitree_g1_ros2/share/unitree_g1_ros2/meshes/waist_yaw_link_rev_1_0.STL
-- Up-to-date: /home/linuxuser/unitree_noitom_teleop/visualiser_ws/install/unitree_g1_ros2/share/unitree_g1_ros2/meshes/L_hand_base_link.STL
-- Up-to-date: /home/linuxuser/unitree_noitom_teleop/visualiser_ws/install/unitree_g1_ros2/share/unitree_g1_ros2/meshes/right_ankle_pitch_link.STL
-- Up-to-date: /home/linuxuser/unitree_noitom_teleop/visualiser_ws/install/unitree_g1_ros2/share/unitree_g1_ros2/meshes/L_pinky_proximal.STL
-- Up-to-date: /home/linuxuser/unitree_noitom_teleop/visualiser_ws/install/unitree_g1_ros2/share/unitree_g1_ros2/meshes/torso_constraint_L_rod_link.STL
-- Up-to-date: /home/linuxuser/unitree_noitom_teleop/visualiser_ws/install/unitree_g1_ros2/share/unitree_g1_ros2/meshes/torso_link_23dof_rev_1_0.STL
-- Up-to-date: /home/linuxuser/unitree_noitom_teleop/visualiser_ws/install/unitree_g1_ros2/share/unitree_g1_ros2/meshes/right_hand_middle_0_link.STL
-- Up-to-date: /home/linuxuser/unitree_noitom_teleop/visualiser_ws/install/unitree_g1_ros2/share/unitree_g1_ros2/meshes/L_ring_proximal.STL
-- Up-to-date: /home/linuxuser/unitree_noitom_teleop/visualiser_ws/install/unitree_g1_ros2/share/unitree_g1_ros2/meshes/right_hip_yaw_link.STL
-- Up-to-date: /home/linuxuser/unitree_noitom_teleop/visualiser_ws/install/unitree_g1_ros2/share/unitree_g1_ros2/meshes/left_wrist_roll_link.STL
-- Up-to-date: /home/linuxuser/unitree_noitom_teleop/visualiser_ws/install/unitree_g1_ros2/share/unitree_g1_ros2/meshes/left_hand_index_1_link.STL
-- Up-to-date: /home/linuxuser/unitree_noitom_teleop/visualiser_ws/install/unitree_g1_ros2/share/unitree_g1_ros2/meshes/R_hand_base_link.STL
-- Up-to-date: /home/linuxuser/unitree_noitom_teleop/visualiser_ws/install/unitree_g1_ros2/share/unitree_g1_ros2/urdf
-- Up-to-date: /home/linuxuser/unitree_noitom_teleop/visualiser_ws/install/unitree_g1_ros2/share/unitree_g1_ros2/urdf/g1_dual_arm.urdf
-- Up-to-date: /home/linuxuser/unitree_noitom_teleop/visualiser_ws/install/unitree_g1_ros2/share/unitree_g1_ros2/urdf/g1_23dof_rev_1_0.urdf
-- Up-to-date: /home/linuxuser/unitree_noitom_teleop/visualiser_ws/install/unitree_g1_ros2/share/unitree_g1_ros2/urdf/both_hands.csv
-- Up-to-date: /home/linuxuser/unitree_noitom_teleop/visualiser_ws/install/unitree_g1_ros2/share/unitree_g1_ros2/urdf/g1_29dof.xml
-- Up-to-date: /home/linuxuser/unitree_noitom_teleop/visualiser_ws/install/unitree_g1_ros2/share/unitree_g1_ros2/urdf/g1_29dof_with_hand.xml
-- Up-to-date: /home/linuxuser/unitree_noitom_teleop/visualiser_ws/install/unitree_g1_ros2/share/unitree_g1_ros2/urdf/g1_29dof_with_hand.urdf
-- Up-to-date: /home/linuxuser/unitree_noitom_teleop/visualiser_ws/install/unitree_g1_ros2/share/unitree_g1_ros2/urdf/g1_29dof_lock_waist_rev_1_0.urdf
-- Up-to-date: /home/linuxuser/unitree_noitom_teleop/visualiser_ws/install/unitree_g1_ros2/share/unitree_g1_ros2/urdf/g1_29dof_lock_waist_rev_1_0.xml
-- Up-to-date: /home/linuxuser/unitree_noitom_teleop/visualiser_ws/install/unitree_g1_ros2/share/unitree_g1_ros2/urdf/g1_29dof_with_hand_rev_1_0
-- Up-to-date: /home/linuxuser/unitree_noitom_teleop/visualiser_ws/install/unitree_g1_ros2/share/unitree_g1_ros2/urdf/g1_29dof_with_hand_rev_1_0/g1_29dof_with_hand_rev_1_0.usd
-- Up-to-date: /home/linuxuser/unitree_noitom_teleop/visualiser_ws/install/unitree_g1_ros2/share/unitree_g1_ros2/urdf/dex3_1_r.urdf
-- Up-to-date: /home/linuxuser/unitree_noitom_teleop/visualiser_ws/install/unitree_g1_ros2/share/unitree_g1_ros2/urdf/g1_29dof_with_hand_rev_1_0.xml
-- Up-to-date: /home/linuxuser/unitree_noitom_teleop/visualiser_ws/install/unitree_g1_ros2/share/unitree_g1_ros2/urdf/g1_23dof_rev_1_0.xml
-- Up-to-date: /home/linuxuser/unitree_noitom_teleop/visualiser_ws/install/unitree_g1_ros2/share/unitree_g1_ros2/urdf/g1_29dof.urdf
-- Up-to-date: /home/linuxuser/unitree_noitom_teleop/visualiser_ws/install/unitree_g1_ros2/share/unitree_g1_ros2/urdf/both_hands.urdf
-- Up-to-date: /home/linuxuser/unitree_noitom_teleop/visualiser_ws/install/unitree_g1_ros2/share/unitree_g1_ros2/urdf/g1_dual_arm.xml
-- Up-to-date: /home/linuxuser/unitree_noitom_teleop/visualiser_ws/install/unitree_g1_ros2/share/unitree_g1_ros2/urdf/g1_29dof_lock_waist.urdf
-- Up-to-date: /home/linuxuser/unitree_noitom_teleop/visualiser_ws/install/unitree_g1_ros2/share/unitree_g1_ros2/urdf/g1_29dof_with_hand_rev_1_0.urdf
-- Up-to-date: /home/linuxuser/unitree_noitom_teleop/visualiser_ws/install/unitree_g1_ros2/share/unitree_g1_ros2/urdf/g1_29dof_rev_1_0.xml
-- Up-to-date: /home/linuxuser/unitree_noitom_teleop/visualiser_ws/install/unitree_g1_ros2/share/unitree_g1_ros2/urdf/g1_23dof.xml
-- Up-to-date: /home/linuxuser/unitree_noitom_teleop/visualiser_ws/install/unitree_g1_ros2/share/unitree_g1_ros2/urdf/g1_29dof_rev_1_0.urdf
-- Up-to-date: /home/linuxuser/unitree_noitom_teleop/visualiser_ws/install/unitree_g1_ros2/share/unitree_g1_ros2/urdf/g1_23dof.urdf
-- Up-to-date: /home/linuxuser/unitree_noitom_teleop/visualiser_ws/install/unitree_g1_ros2/share/unitree_g1_ros2/urdf/dex3_1_l.urdf
-- Up-to-date: /home/linuxuser/unitree_noitom_teleop/visualiser_ws/install/unitree_g1_ros2/share/unitree_g1_ros2/urdf/g1_29dof_lock_waist.xml
-- Up-to-date: /home/linuxuser/unitree_noitom_teleop/visualiser_ws/install/unitree_g1_ros2/share/ament_index/resource_index/package_run_dependencies/unitree_g1_ros2
-- Up-to-date: /home/linuxuser/unitree_noitom_teleop/visualiser_ws/install/unitree_g1_ros2/share/ament_index/resource_index/parent_prefix_path/unitree_g1_ros2
-- Up-to-date: /home/linuxuser/unitree_noitom_teleop/visualiser_ws/install/unitree_g1_ros2/share/unitree_g1_ros2/environment/ament_prefix_path.sh
-- Up-to-date: /home/linuxuser/unitree_noitom_teleop/visualiser_ws/install/unitree_g1_ros2/share/unitree_g1_ros2/environment/ament_prefix_path.dsv
-- Up-to-date: /home/linuxuser/unitree_noitom_teleop/visualiser_ws/install/unitree_g1_ros2/share/unitree_g1_ros2/environment/path.sh
-- Up-to-date: /home/linuxuser/unitree_noitom_teleop/visualiser_ws/install/unitree_g1_ros2/share/unitree_g1_ros2/environment/path.dsv
-- Up-to-date: /home/linuxuser/unitree_noitom_teleop/visualiser_ws/install/unitree_g1_ros2/share/unitree_g1_ros2/local_setup.bash
-- Up-to-date: /home/linuxuser/unitree_noitom_teleop/visualiser_ws/install/unitree_g1_ros2/share/unitree_g1_ros2/local_setup.sh
-- Up-to-date: /home/linuxuser/unitree_noitom_teleop/visualiser_ws/install/unitree_g1_ros2/share/unitree_g1_ros2/local_setup.zsh
-- Up-to-date: /home/linuxuser/unitree_noitom_teleop/visualiser_ws/install/unitree_g1_ros2/share/unitree_g1_ros2/local_setup.dsv
-- Up-to-date: /home/linuxuser/unitree_noitom_teleop/visualiser_ws/install/unitree_g1_ros2/share/unitree_g1_ros2/package.dsv
-- Up-to-date: /home/linuxuser/unitree_noitom_teleop/visualiser_ws/install/unitree_g1_ros2/share/ament_index/resource_index/packages/unitree_g1_ros2
-- Up-to-date: /home/linuxuser/unitree_noitom_teleop/visualiser_ws/install/unitree_g1_ros2/share/unitree_g1_ros2/cmake/unitree_g1_ros2Config.cmake
-- Up-to-date: /home/linuxuser/unitree_noitom_teleop/visualiser_ws/install/unitree_g1_ros2/share/unitree_g1_ros2/cmake/unitree_g1_ros2Config-version.cmake
-- Up-to-date: /home/linuxuser/unitree_noitom_teleop/visualiser_ws/install/unitree_g1_ros2/share/unitree_g1_ros2/package.xml
