[0.013s] Invoking command in '/home/linuxuser/unitree_noitom_teleop/visualiser_ws/build/unitree_g1_ros2': CMAKE_PREFIX_PATH=${CMAKE_PREFIX_PATH}:/opt/ros/humble /usr/bin/cmake --build /home/linuxuser/unitree_noitom_teleop/visualiser_ws/build/unitree_g1_ros2 -- -j16 -l16
[0.064s] Invoked command in '/home/linuxuser/unitree_noitom_teleop/visualiser_ws/build/unitree_g1_ros2' returned '0': CMAKE_PREFIX_PATH=${CMAKE_PREFIX_PATH}:/opt/ros/humble /usr/bin/cmake --build /home/linuxuser/unitree_noitom_teleop/visualiser_ws/build/unitree_g1_ros2 -- -j16 -l16
[0.075s] Invoking command in '/home/linuxuser/unitree_noitom_teleop/visualiser_ws/build/unitree_g1_ros2': CMAKE_PREFIX_PATH=${CMAKE_PREFIX_PATH}:/opt/ros/humble /usr/bin/cmake --install /home/linuxuser/unitree_noitom_teleop/visualiser_ws/build/unitree_g1_ros2
[0.082s] -- Install configuration: ""
[0.082s] -- Up-to-date: /home/linuxuser/unitree_noitom_teleop/visualiser_ws/install/unitree_g1_ros2/share/unitree_g1_ros2/launch
[0.082s] -- Up-to-date: /home/linuxuser/unitree_noitom_teleop/visualiser_ws/install/unitree_g1_ros2/share/unitree_g1_ros2/launch/gazebo.launch.py
[0.082s] -- Up-to-date: /home/linuxuser/unitree_noitom_teleop/visualiser_ws/install/unitree_g1_ros2/share/unitree_g1_ros2/launch/display.launch.py
[0.082s] -- Installing: /home/linuxuser/unitree_noitom_teleop/visualiser_ws/install/unitree_g1_ros2/share/unitree_g1_ros2/launch/rviz.rviz
[0.082s] -- Up-to-date: /home/linuxuser/unitree_noitom_teleop/visualiser_ws/install/unitree_g1_ros2/share/unitree_g1_ros2/meshes
[0.082s] -- Up-to-date: /home/linuxuser/unitree_noitom_teleop/visualiser_ws/install/unitree_g1_ros2/share/unitree_g1_ros2/meshes/right_hip_roll_link.STL
[0.083s] -- Up-to-date: /home/linuxuser/unitree_noitom_teleop/visualiser_ws/install/unitree_g1_ros2/share/unitree_g1_ros2/meshes/left_ankle_pitch_link.STL
[0.083s] -- Up-to-date: /home/linuxuser/unitree_noitom_teleop/visualiser_ws/install/unitree_g1_ros2/share/unitree_g1_ros2/meshes/L_thumb_distal.STL
[0.083s] -- Up-to-date: /home/linuxuser/unitree_noitom_teleop/visualiser_ws/install/unitree_g1_ros2/share/unitree_g1_ros2/meshes/L_thumb_intermediate.STL
[0.083s] -- Up-to-date: /home/linuxuser/unitree_noitom_teleop/visualiser_ws/install/unitree_g1_ros2/share/unitree_g1_ros2/meshes/right_hand_index_1_link.STL
[0.083s] -- Up-to-date: /home/linuxuser/unitree_noitom_teleop/visualiser_ws/install/unitree_g1_ros2/share/unitree_g1_ros2/meshes/right_shoulder_pitch_link.STL
[0.083s] -- Up-to-date: /home/linuxuser/unitree_noitom_teleop/visualiser_ws/install/unitree_g1_ros2/share/unitree_g1_ros2/meshes/waist_constraint_L.STL
[0.083s] -- Up-to-date: /home/linuxuser/unitree_noitom_teleop/visualiser_ws/install/unitree_g1_ros2/share/unitree_g1_ros2/meshes/left_wrist_pitch_link.STL
[0.083s] -- Up-to-date: /home/linuxuser/unitree_noitom_teleop/visualiser_ws/install/unitree_g1_ros2/share/unitree_g1_ros2/meshes/left_shoulder_pitch_link.STL
[0.083s] -- Up-to-date: /home/linuxuser/unitree_noitom_teleop/visualiser_ws/install/unitree_g1_ros2/share/unitree_g1_ros2/meshes/right_hand_thumb_0_link.STL
[0.083s] -- Up-to-date: /home/linuxuser/unitree_noitom_teleop/visualiser_ws/install/unitree_g1_ros2/share/unitree_g1_ros2/meshes/torso_link_rev_1_0.STL
[0.083s] -- Up-to-date: /home/linuxuser/unitree_noitom_teleop/visualiser_ws/install/unitree_g1_ros2/share/unitree_g1_ros2/meshes/pelvis_contour_link.STL
[0.083s] -- Up-to-date: /home/linuxuser/unitree_noitom_teleop/visualiser_ws/install/unitree_g1_ros2/share/unitree_g1_ros2/meshes/R_middle_distal.STL
[0.083s] -- Up-to-date: /home/linuxuser/unitree_noitom_teleop/visualiser_ws/install/unitree_g1_ros2/share/unitree_g1_ros2/meshes/waist_yaw_link.STL
[0.083s] -- Up-to-date: /home/linuxuser/unitree_noitom_teleop/visualiser_ws/install/unitree_g1_ros2/share/unitree_g1_ros2/meshes/R_ring_proximal.STL
[0.083s] -- Up-to-date: /home/linuxuser/unitree_noitom_teleop/visualiser_ws/install/unitree_g1_ros2/share/unitree_g1_ros2/meshes/right_hand_thumb_1_link.STL
[0.084s] -- Up-to-date: /home/linuxuser/unitree_noitom_teleop/visualiser_ws/install/unitree_g1_ros2/share/unitree_g1_ros2/meshes/head_link.STL
[0.084s] -- Up-to-date: /home/linuxuser/unitree_noitom_teleop/visualiser_ws/install/unitree_g1_ros2/share/unitree_g1_ros2/meshes/left_hand_thumb_2_link.STL
[0.084s] -- Up-to-date: /home/linuxuser/unitree_noitom_teleop/visualiser_ws/install/unitree_g1_ros2/share/unitree_g1_ros2/meshes/left_hand_index_0_link.STL
[0.084s] -- Up-to-date: /home/linuxuser/unitree_noitom_teleop/visualiser_ws/install/unitree_g1_ros2/share/unitree_g1_ros2/meshes/waist_support_link.STL
[0.084s] -- Up-to-date: /home/linuxuser/unitree_noitom_teleop/visualiser_ws/install/unitree_g1_ros2/share/unitree_g1_ros2/meshes/waist_roll_link.STL
[0.084s] -- Up-to-date: /home/linuxuser/unitree_noitom_teleop/visualiser_ws/install/unitree_g1_ros2/share/unitree_g1_ros2/meshes/left_wrist_yaw_link.STL
[0.084s] -- Up-to-date: /home/linuxuser/unitree_noitom_teleop/visualiser_ws/install/unitree_g1_ros2/share/unitree_g1_ros2/meshes/right_elbow_link.STL
[0.084s] -- Up-to-date: /home/linuxuser/unitree_noitom_teleop/visualiser_ws/install/unitree_g1_ros2/share/unitree_g1_ros2/meshes/left_hand_middle_1_link.STL
[0.084s] -- Up-to-date: /home/linuxuser/unitree_noitom_teleop/visualiser_ws/install/unitree_g1_ros2/share/unitree_g1_ros2/meshes/logo_link.STL
[0.084s] -- Up-to-date: /home/linuxuser/unitree_noitom_teleop/visualiser_ws/install/unitree_g1_ros2/share/unitree_g1_ros2/meshes/right_hip_pitch_link.STL
[0.084s] -- Up-to-date: /home/linuxuser/unitree_noitom_teleop/visualiser_ws/install/unitree_g1_ros2/share/unitree_g1_ros2/meshes/left_hip_pitch_link.STL
[0.084s] -- Up-to-date: /home/linuxuser/unitree_noitom_teleop/visualiser_ws/install/unitree_g1_ros2/share/unitree_g1_ros2/meshes/R_index_proximal.STL
[0.084s] -- Up-to-date: /home/linuxuser/unitree_noitom_teleop/visualiser_ws/install/unitree_g1_ros2/share/unitree_g1_ros2/meshes/right_hand_palm_link.STL
[0.084s] -- Up-to-date: /home/linuxuser/unitree_noitom_teleop/visualiser_ws/install/unitree_g1_ros2/share/unitree_g1_ros2/meshes/left_rubber_hand.STL
[0.084s] -- Up-to-date: /home/linuxuser/unitree_noitom_teleop/visualiser_ws/install/unitree_g1_ros2/share/unitree_g1_ros2/meshes/torso_link.STL
[0.085s] -- Up-to-date: /home/linuxuser/unitree_noitom_teleop/visualiser_ws/install/unitree_g1_ros2/share/unitree_g1_ros2/meshes/R_index_distal.STL
[0.085s] -- Up-to-date: /home/linuxuser/unitree_noitom_teleop/visualiser_ws/install/unitree_g1_ros2/share/unitree_g1_ros2/meshes/R_ring_distal.STL
[0.085s] -- Up-to-date: /home/linuxuser/unitree_noitom_teleop/visualiser_ws/install/unitree_g1_ros2/share/unitree_g1_ros2/meshes/L_middle_distal.STL
[0.085s] -- Up-to-date: /home/linuxuser/unitree_noitom_teleop/visualiser_ws/install/unitree_g1_ros2/share/unitree_g1_ros2/meshes/left_hand_middle_0_link.STL
[0.085s] -- Up-to-date: /home/linuxuser/unitree_noitom_teleop/visualiser_ws/install/unitree_g1_ros2/share/unitree_g1_ros2/meshes/L_index_proximal.STL
[0.085s] -- Up-to-date: /home/linuxuser/unitree_noitom_teleop/visualiser_ws/install/unitree_g1_ros2/share/unitree_g1_ros2/meshes/torso_constraint_R_link.STL
[0.085s] -- Up-to-date: /home/linuxuser/unitree_noitom_teleop/visualiser_ws/install/unitree_g1_ros2/share/unitree_g1_ros2/meshes/R_middle_proximal.STL
[0.085s] -- Up-to-date: /home/linuxuser/unitree_noitom_teleop/visualiser_ws/install/unitree_g1_ros2/share/unitree_g1_ros2/meshes/waist_constraint_R.STL
[0.085s] -- Up-to-date: /home/linuxuser/unitree_noitom_teleop/visualiser_ws/install/unitree_g1_ros2/share/unitree_g1_ros2/meshes/left_hip_roll_link.STL
[0.085s] -- Up-to-date: /home/linuxuser/unitree_noitom_teleop/visualiser_ws/install/unitree_g1_ros2/share/unitree_g1_ros2/meshes/waist_roll_link_rev_1_0.STL
[0.085s] -- Up-to-date: /home/linuxuser/unitree_noitom_teleop/visualiser_ws/install/unitree_g1_ros2/share/unitree_g1_ros2/meshes/left_shoulder_roll_link.STL
[0.085s] -- Up-to-date: /home/linuxuser/unitree_noitom_teleop/visualiser_ws/install/unitree_g1_ros2/share/unitree_g1_ros2/meshes/R_pinky_distal.STL
[0.085s] -- Up-to-date: /home/linuxuser/unitree_noitom_teleop/visualiser_ws/install/unitree_g1_ros2/share/unitree_g1_ros2/meshes/R_thumb_intermediate.STL
[0.085s] -- Up-to-date: /home/linuxuser/unitree_noitom_teleop/visualiser_ws/install/unitree_g1_ros2/share/unitree_g1_ros2/meshes/right_shoulder_yaw_link.STL
[0.085s] -- Up-to-date: /home/linuxuser/unitree_noitom_teleop/visualiser_ws/install/unitree_g1_ros2/share/unitree_g1_ros2/meshes/L_pinky_distal.STL
[0.085s] -- Up-to-date: /home/linuxuser/unitree_noitom_teleop/visualiser_ws/install/unitree_g1_ros2/share/unitree_g1_ros2/meshes/left_hand_thumb_0_link.STL
[0.086s] -- Up-to-date: /home/linuxuser/unitree_noitom_teleop/visualiser_ws/install/unitree_g1_ros2/share/unitree_g1_ros2/meshes/right_hand_thumb_2_link.STL
[0.086s] -- Up-to-date: /home/linuxuser/unitree_noitom_teleop/visualiser_ws/install/unitree_g1_ros2/share/unitree_g1_ros2/meshes/left_knee_link.STL
[0.086s] -- Up-to-date: /home/linuxuser/unitree_noitom_teleop/visualiser_ws/install/unitree_g1_ros2/share/unitree_g1_ros2/meshes/right_hand_index_0_link.STL
[0.086s] -- Up-to-date: /home/linuxuser/unitree_noitom_teleop/visualiser_ws/install/unitree_g1_ros2/share/unitree_g1_ros2/meshes/right_knee_link.STL
[0.086s] -- Up-to-date: /home/linuxuser/unitree_noitom_teleop/visualiser_ws/install/unitree_g1_ros2/share/unitree_g1_ros2/meshes/R_pinky_proximal.STL
[0.086s] -- Up-to-date: /home/linuxuser/unitree_noitom_teleop/visualiser_ws/install/unitree_g1_ros2/share/unitree_g1_ros2/meshes/right_shoulder_roll_link.STL
[0.086s] -- Up-to-date: /home/linuxuser/unitree_noitom_teleop/visualiser_ws/install/unitree_g1_ros2/share/unitree_g1_ros2/meshes/torso_constraint_L_link.STL
[0.086s] -- Up-to-date: /home/linuxuser/unitree_noitom_teleop/visualiser_ws/install/unitree_g1_ros2/share/unitree_g1_ros2/meshes/left_shoulder_yaw_link.STL
[0.086s] -- Up-to-date: /home/linuxuser/unitree_noitom_teleop/visualiser_ws/install/unitree_g1_ros2/share/unitree_g1_ros2/meshes/left_wrist_roll_rubber_hand.STL
[0.086s] -- Up-to-date: /home/linuxuser/unitree_noitom_teleop/visualiser_ws/install/unitree_g1_ros2/share/unitree_g1_ros2/meshes/left_hand_palm_link.STL
[0.086s] -- Up-to-date: /home/linuxuser/unitree_noitom_teleop/visualiser_ws/install/unitree_g1_ros2/share/unitree_g1_ros2/meshes/right_wrist_roll_link.STL
[0.086s] -- Up-to-date: /home/linuxuser/unitree_noitom_teleop/visualiser_ws/install/unitree_g1_ros2/share/unitree_g1_ros2/meshes/right_hand_middle_1_link.STL
[0.086s] -- Up-to-date: /home/linuxuser/unitree_noitom_teleop/visualiser_ws/install/unitree_g1_ros2/share/unitree_g1_ros2/meshes/left_ankle_roll_link.STL
[0.087s] -- Up-to-date: /home/linuxuser/unitree_noitom_teleop/visualiser_ws/install/unitree_g1_ros2/share/unitree_g1_ros2/meshes/right_wrist_yaw_link.STL
[0.087s] -- Up-to-date: /home/linuxuser/unitree_noitom_teleop/visualiser_ws/install/unitree_g1_ros2/share/unitree_g1_ros2/meshes/pelvis.STL
[0.087s] -- Up-to-date: /home/linuxuser/unitree_noitom_teleop/visualiser_ws/install/unitree_g1_ros2/share/unitree_g1_ros2/meshes/left_hip_yaw_link.STL
[0.087s] -- Up-to-date: /home/linuxuser/unitree_noitom_teleop/visualiser_ws/install/unitree_g1_ros2/share/unitree_g1_ros2/meshes/right_ankle_roll_link.STL
[0.087s] -- Up-to-date: /home/linuxuser/unitree_noitom_teleop/visualiser_ws/install/unitree_g1_ros2/share/unitree_g1_ros2/meshes/L_thumb_proximal_base.STL
[0.087s] -- Up-to-date: /home/linuxuser/unitree_noitom_teleop/visualiser_ws/install/unitree_g1_ros2/share/unitree_g1_ros2/meshes/L_ring_distal.STL
[0.087s] -- Up-to-date: /home/linuxuser/unitree_noitom_teleop/visualiser_ws/install/unitree_g1_ros2/share/unitree_g1_ros2/meshes/R_thumb_distal.STL
[0.087s] -- Up-to-date: /home/linuxuser/unitree_noitom_teleop/visualiser_ws/install/unitree_g1_ros2/share/unitree_g1_ros2/meshes/right_rubber_hand.STL
[0.087s] -- Up-to-date: /home/linuxuser/unitree_noitom_teleop/visualiser_ws/install/unitree_g1_ros2/share/unitree_g1_ros2/meshes/right_wrist_pitch_link.STL
[0.087s] -- Up-to-date: /home/linuxuser/unitree_noitom_teleop/visualiser_ws/install/unitree_g1_ros2/share/unitree_g1_ros2/meshes/R_thumb_proximal_base.STL
[0.087s] -- Up-to-date: /home/linuxuser/unitree_noitom_teleop/visualiser_ws/install/unitree_g1_ros2/share/unitree_g1_ros2/meshes/left_hand_thumb_1_link.STL
[0.088s] -- Up-to-date: /home/linuxuser/unitree_noitom_teleop/visualiser_ws/install/unitree_g1_ros2/share/unitree_g1_ros2/meshes/L_index_distal.STL
[0.088s] -- Up-to-date: /home/linuxuser/unitree_noitom_teleop/visualiser_ws/install/unitree_g1_ros2/share/unitree_g1_ros2/meshes/right_wrist_roll_rubber_hand.STL
[0.088s] -- Up-to-date: /home/linuxuser/unitree_noitom_teleop/visualiser_ws/install/unitree_g1_ros2/share/unitree_g1_ros2/meshes/L_thumb_proximal.STL
[0.088s] -- Up-to-date: /home/linuxuser/unitree_noitom_teleop/visualiser_ws/install/unitree_g1_ros2/share/unitree_g1_ros2/meshes/L_middle_proximal.STL
[0.088s] -- Up-to-date: /home/linuxuser/unitree_noitom_teleop/visualiser_ws/install/unitree_g1_ros2/share/unitree_g1_ros2/meshes/torso_constraint_R_rod_link.STL
[0.088s] -- Up-to-date: /home/linuxuser/unitree_noitom_teleop/visualiser_ws/install/unitree_g1_ros2/share/unitree_g1_ros2/meshes/left_elbow_link.STL
[0.088s] -- Up-to-date: /home/linuxuser/unitree_noitom_teleop/visualiser_ws/install/unitree_g1_ros2/share/unitree_g1_ros2/meshes/R_thumb_proximal.STL
[0.088s] -- Up-to-date: /home/linuxuser/unitree_noitom_teleop/visualiser_ws/install/unitree_g1_ros2/share/unitree_g1_ros2/meshes/waist_yaw_link_rev_1_0.STL
[0.089s] -- Up-to-date: /home/linuxuser/unitree_noitom_teleop/visualiser_ws/install/unitree_g1_ros2/share/unitree_g1_ros2/meshes/L_hand_base_link.STL
[0.089s] -- Up-to-date: /home/linuxuser/unitree_noitom_teleop/visualiser_ws/install/unitree_g1_ros2/share/unitree_g1_ros2/meshes/right_ankle_pitch_link.STL
[0.089s] -- Up-to-date: /home/linuxuser/unitree_noitom_teleop/visualiser_ws/install/unitree_g1_ros2/share/unitree_g1_ros2/meshes/L_pinky_proximal.STL
[0.089s] -- Up-to-date: /home/linuxuser/unitree_noitom_teleop/visualiser_ws/install/unitree_g1_ros2/share/unitree_g1_ros2/meshes/torso_constraint_L_rod_link.STL
[0.089s] -- Up-to-date: /home/linuxuser/unitree_noitom_teleop/visualiser_ws/install/unitree_g1_ros2/share/unitree_g1_ros2/meshes/torso_link_23dof_rev_1_0.STL
[0.089s] -- Up-to-date: /home/linuxuser/unitree_noitom_teleop/visualiser_ws/install/unitree_g1_ros2/share/unitree_g1_ros2/meshes/right_hand_middle_0_link.STL
[0.089s] -- Up-to-date: /home/linuxuser/unitree_noitom_teleop/visualiser_ws/install/unitree_g1_ros2/share/unitree_g1_ros2/meshes/L_ring_proximal.STL
[0.089s] -- Up-to-date: /home/linuxuser/unitree_noitom_teleop/visualiser_ws/install/unitree_g1_ros2/share/unitree_g1_ros2/meshes/right_hip_yaw_link.STL
[0.089s] -- Up-to-date: /home/linuxuser/unitree_noitom_teleop/visualiser_ws/install/unitree_g1_ros2/share/unitree_g1_ros2/meshes/left_wrist_roll_link.STL
[0.090s] -- Up-to-date: /home/linuxuser/unitree_noitom_teleop/visualiser_ws/install/unitree_g1_ros2/share/unitree_g1_ros2/meshes/left_hand_index_1_link.STL
[0.090s] -- Up-to-date: /home/linuxuser/unitree_noitom_teleop/visualiser_ws/install/unitree_g1_ros2/share/unitree_g1_ros2/meshes/R_hand_base_link.STL
[0.090s] -- Up-to-date: /home/linuxuser/unitree_noitom_teleop/visualiser_ws/install/unitree_g1_ros2/share/unitree_g1_ros2/urdf
[0.090s] -- Up-to-date: /home/linuxuser/unitree_noitom_teleop/visualiser_ws/install/unitree_g1_ros2/share/unitree_g1_ros2/urdf/g1_dual_arm.urdf
[0.090s] -- Up-to-date: /home/linuxuser/unitree_noitom_teleop/visualiser_ws/install/unitree_g1_ros2/share/unitree_g1_ros2/urdf/g1_23dof_rev_1_0.urdf
[0.090s] -- Up-to-date: /home/linuxuser/unitree_noitom_teleop/visualiser_ws/install/unitree_g1_ros2/share/unitree_g1_ros2/urdf/both_hands.csv
[0.090s] -- Up-to-date: /home/linuxuser/unitree_noitom_teleop/visualiser_ws/install/unitree_g1_ros2/share/unitree_g1_ros2/urdf/g1_29dof.xml
[0.090s] -- Up-to-date: /home/linuxuser/unitree_noitom_teleop/visualiser_ws/install/unitree_g1_ros2/share/unitree_g1_ros2/urdf/g1_29dof_with_hand.xml
[0.090s] -- Up-to-date: /home/linuxuser/unitree_noitom_teleop/visualiser_ws/install/unitree_g1_ros2/share/unitree_g1_ros2/urdf/g1_29dof_with_hand.urdf
[0.090s] -- Up-to-date: /home/linuxuser/unitree_noitom_teleop/visualiser_ws/install/unitree_g1_ros2/share/unitree_g1_ros2/urdf/g1_29dof_lock_waist_rev_1_0.urdf
[0.090s] -- Up-to-date: /home/linuxuser/unitree_noitom_teleop/visualiser_ws/install/unitree_g1_ros2/share/unitree_g1_ros2/urdf/g1_29dof_lock_waist_rev_1_0.xml
[0.090s] -- Up-to-date: /home/linuxuser/unitree_noitom_teleop/visualiser_ws/install/unitree_g1_ros2/share/unitree_g1_ros2/urdf/g1_29dof_with_hand_rev_1_0
[0.090s] -- Up-to-date: /home/linuxuser/unitree_noitom_teleop/visualiser_ws/install/unitree_g1_ros2/share/unitree_g1_ros2/urdf/g1_29dof_with_hand_rev_1_0/g1_29dof_with_hand_rev_1_0.usd
[0.090s] -- Up-to-date: /home/linuxuser/unitree_noitom_teleop/visualiser_ws/install/unitree_g1_ros2/share/unitree_g1_ros2/urdf/dex3_1_r.urdf
[0.090s] -- Up-to-date: /home/linuxuser/unitree_noitom_teleop/visualiser_ws/install/unitree_g1_ros2/share/unitree_g1_ros2/urdf/g1_29dof_with_hand_rev_1_0.xml
[0.090s] -- Up-to-date: /home/linuxuser/unitree_noitom_teleop/visualiser_ws/install/unitree_g1_ros2/share/unitree_g1_ros2/urdf/g1_23dof_rev_1_0.xml
[0.091s] -- Up-to-date: /home/linuxuser/unitree_noitom_teleop/visualiser_ws/install/unitree_g1_ros2/share/unitree_g1_ros2/urdf/g1_29dof.urdf
[0.091s] -- Up-to-date: /home/linuxuser/unitree_noitom_teleop/visualiser_ws/install/unitree_g1_ros2/share/unitree_g1_ros2/urdf/both_hands.urdf
[0.091s] -- Up-to-date: /home/linuxuser/unitree_noitom_teleop/visualiser_ws/install/unitree_g1_ros2/share/unitree_g1_ros2/urdf/g1_dual_arm.xml
[0.091s] -- Up-to-date: /home/linuxuser/unitree_noitom_teleop/visualiser_ws/install/unitree_g1_ros2/share/unitree_g1_ros2/urdf/g1_29dof_lock_waist.urdf
[0.091s] -- Up-to-date: /home/linuxuser/unitree_noitom_teleop/visualiser_ws/install/unitree_g1_ros2/share/unitree_g1_ros2/urdf/g1_29dof_with_hand_rev_1_0.urdf
[0.091s] -- Up-to-date: /home/linuxuser/unitree_noitom_teleop/visualiser_ws/install/unitree_g1_ros2/share/unitree_g1_ros2/urdf/g1_29dof_rev_1_0.xml
[0.091s] -- Up-to-date: /home/linuxuser/unitree_noitom_teleop/visualiser_ws/install/unitree_g1_ros2/share/unitree_g1_ros2/urdf/g1_23dof.xml
[0.091s] -- Up-to-date: /home/linuxuser/unitree_noitom_teleop/visualiser_ws/install/unitree_g1_ros2/share/unitree_g1_ros2/urdf/g1_29dof_rev_1_0.urdf
[0.091s] -- Up-to-date: /home/linuxuser/unitree_noitom_teleop/visualiser_ws/install/unitree_g1_ros2/share/unitree_g1_ros2/urdf/g1_23dof.urdf
[0.091s] -- Up-to-date: /home/linuxuser/unitree_noitom_teleop/visualiser_ws/install/unitree_g1_ros2/share/unitree_g1_ros2/urdf/dex3_1_l.urdf
[0.091s] -- Up-to-date: /home/linuxuser/unitree_noitom_teleop/visualiser_ws/install/unitree_g1_ros2/share/unitree_g1_ros2/urdf/g1_29dof_lock_waist.xml
[0.091s] -- Up-to-date: /home/linuxuser/unitree_noitom_teleop/visualiser_ws/install/unitree_g1_ros2/share/ament_index/resource_index/package_run_dependencies/unitree_g1_ros2
[0.091s] -- Up-to-date: /home/linuxuser/unitree_noitom_teleop/visualiser_ws/install/unitree_g1_ros2/share/ament_index/resource_index/parent_prefix_path/unitree_g1_ros2
[0.091s] -- Up-to-date: /home/linuxuser/unitree_noitom_teleop/visualiser_ws/install/unitree_g1_ros2/share/unitree_g1_ros2/environment/ament_prefix_path.sh
[0.091s] -- Up-to-date: /home/linuxuser/unitree_noitom_teleop/visualiser_ws/install/unitree_g1_ros2/share/unitree_g1_ros2/environment/ament_prefix_path.dsv
[0.091s] -- Up-to-date: /home/linuxuser/unitree_noitom_teleop/visualiser_ws/install/unitree_g1_ros2/share/unitree_g1_ros2/environment/path.sh
[0.092s] -- Up-to-date: /home/linuxuser/unitree_noitom_teleop/visualiser_ws/install/unitree_g1_ros2/share/unitree_g1_ros2/environment/path.dsv
[0.092s] -- Up-to-date: /home/linuxuser/unitree_noitom_teleop/visualiser_ws/install/unitree_g1_ros2/share/unitree_g1_ros2/local_setup.bash
[0.092s] -- Up-to-date: /home/linuxuser/unitree_noitom_teleop/visualiser_ws/install/unitree_g1_ros2/share/unitree_g1_ros2/local_setup.sh
[0.092s] -- Up-to-date: /home/linuxuser/unitree_noitom_teleop/visualiser_ws/install/unitree_g1_ros2/share/unitree_g1_ros2/local_setup.zsh
[0.093s] -- Up-to-date: /home/linuxuser/unitree_noitom_teleop/visualiser_ws/install/unitree_g1_ros2/share/unitree_g1_ros2/local_setup.dsv
[0.093s] -- Up-to-date: /home/linuxuser/unitree_noitom_teleop/visualiser_ws/install/unitree_g1_ros2/share/unitree_g1_ros2/package.dsv
[0.093s] -- Up-to-date: /home/linuxuser/unitree_noitom_teleop/visualiser_ws/install/unitree_g1_ros2/share/ament_index/resource_index/packages/unitree_g1_ros2
[0.094s] -- Up-to-date: /home/linuxuser/unitree_noitom_teleop/visualiser_ws/install/unitree_g1_ros2/share/unitree_g1_ros2/cmake/unitree_g1_ros2Config.cmake
[0.094s] -- Up-to-date: /home/linuxuser/unitree_noitom_teleop/visualiser_ws/install/unitree_g1_ros2/share/unitree_g1_ros2/cmake/unitree_g1_ros2Config-version.cmake
[0.094s] -- Up-to-date: /home/linuxuser/unitree_noitom_teleop/visualiser_ws/install/unitree_g1_ros2/share/unitree_g1_ros2/package.xml
[0.098s] Invoked command in '/home/linuxuser/unitree_noitom_teleop/visualiser_ws/build/unitree_g1_ros2' returned '0': CMAKE_PREFIX_PATH=${CMAKE_PREFIX_PATH}:/opt/ros/humble /usr/bin/cmake --install /home/linuxuser/unitree_noitom_teleop/visualiser_ws/build/unitree_g1_ros2
